build.c:497:13:kill_volumes	16	static
build.c:170:5:ubi_volume_notify	104	static
build.c:203:5:ubi_notify_all	112	static
build.c:247:5:ubi_enumerate_volumes	24	static
build.c:275:20:ubi_get_device	0	static
build.c:295:6:ubi_put_device	0	static
build.c:310:20:ubi_get_by_major	0	static
build.c:339:5:ubi_major2num	0	static
build.c:607:6:ubi_free_internal_volumes	16	static
build.c:891:5:ubi_attach_mtd_dev	248	static
build.c:1107:5:ubi_detach_mtd_dev	16	static
build.c:1243:5:ubi_init	40	static
build.c:1373:6:ubi_exit	16	static
build.c:1435:5:kstrtoint	8	static
build.c:1457:5:ubi_mtd_param_parse	112	static
