io.c:309:13:erase_callback	0	static
io.c:658:12:validate_ec_hdr	16	static
io.c:1138:12:self_check_ec_hdr.isra.1.part.2	8	static
io.c:864:12:validate_vid_hdr.isra.3	32	static
io.c:1220:12:self_check_vid_hdr.isra.4.part.5	8	static
io.c:600:5:ubi_io_is_bad	0	static
io.c:1113:12:self_check_not_bad.part.6	8	static
io.c:118:5:ubi_io_read	56	static
io.c:1176:12:self_check_peb_ec_hdr.part.8	24	static
io.c:629:5:ubi_io_mark_bad	0	static
io.c:722:5:ubi_io_read_ec_hdr	40	static
io.c:992:5:ubi_io_read_vid_hdr	32	static
io.c:1377:5:ubi_self_check_all_ff	56	static
io.c:226:5:ubi_io_write	72	static
io.c:831:5:ubi_io_write_ec_hdr	24	static
io.c:1076:5:ubi_io_write_vid_hdr	24	static
io.c:323:12:do_sync_erase	112	static
io.c:558:5:ubi_io_sync_erase	184	static
