kapi.c:32:6:ubi_do_get_device_info	0	static
kapi.c:54:5:ubi_get_device_info	16	static
kapi.c:75:6:ubi_do_get_volume_info	12	static
kapi.c:97:6:ubi_get_volume_info	0	static
kapi.c:325:6:ubi_close_volume	8	static
kapi.c:122:25:ubi_open_volume	24	static
kapi.c:233:25:ubi_open_volume_nm	32	static
kapi.c:381:5:ubi_leb_read	32	static
kapi.c:444:5:ubi_leb_write	24	static
kapi.c:489:5:ubi_leb_change	24	static
kapi.c:530:5:ubi_leb_erase	16	static
kapi.c:591:5:ubi_leb_unmap	0	static
kapi.c:627:5:ubi_leb_map	16	static
kapi.c:666:5:ubi_is_mapped	0	static
kapi.c:690:5:ubi_sync	8	static
kapi.c:716:5:ubi_flush	16	static
