wl.c:217:12:do_work	0	static
wl.c:292:12:in_wl_tree	4	static
wl.c:1859:13:cancel_pending	16	static
wl.c:711:12:prot_queue_del	0	static
wl.c:353:29:find_wl_entry	16	static
wl.c:1771:13:tree_destroy	8	static
wl.c:182:13:wl_tree_add	0	static
wl.c:2104:12:self_check_in_wl_tree	8	static
wl.c:668:29:get_peb_for_wl	16	static
wl.c:899:12:schedule_erase	24	static
wl.c:1321:12:ensure_wear_leveling	16	static
wl.c:1425:12:erase_worker	56	static
wl.c:933:12:do_sync_erase	24	static
wl.c:1007:12:wear_leveling_worker	48	static
wl.c:681:5:ubi_wl_get_peb	16	static
wl.c:1564:5:ubi_wl_put_peb	40	static
wl.c:1651:5:ubi_wl_scrub_peb	32	static
wl.c:1716:5:ubi_wl_flush	24	static
wl.c:1802:5:ubi_thread	24	static
wl.c:1880:5:ubi_wl_init	40	static
wl.c:2039:6:ubi_wl_close	24	static
