mxs_nand.c:431:12:mxs_nand_device_ready	0	static
mxs_nand.c:448:13:mxs_nand_select_chip	0	static
mxs_nand.c:918:12:mxs_nand_hook_read_oob	24	static
mxs_nand.c:943:12:mxs_nand_hook_write_oob	24	static
mxs_nand.c:968:12:mxs_nand_hook_block_markbad	8	static
mxs_nand.c:1107:12:mxs_nand_block_bad	0	static
mxs_nand.c:1062:12:mxs_nand_ecc_write_oob	24	static
mxs_nand.c:115:29:mxs_nand_get_dma_desc	8	static
mxs_nand.c:130:13:mxs_nand_return_dma_descs	16	static
mxs_nand.c:96:13:mxs_nand_inval_data_buf	0	static
mxs_nand.c:498:13:mxs_nand_read_buf	24	static
mxs_nand.c:635:16:mxs_nand_read_byte	16	static
mxs_nand.c:352:13:mxs_nand_cmd_ctrl	16	static
mxs_nand.c:1027:12:mxs_nand_ecc_read_oob	24	static
mxs_nand.c:1126:12:mxs_nand_scan_bbt	56	static
mxs_nand.c:463:13:mxs_nand_swap_block_mark	40	static
mxs_nand.c:684:12:mxs_nand_ecc_read_page	72	static
mxs_nand.c:581:13:mxs_nand_write_buf	16	static
mxs_nand.c:851:12:mxs_nand_ecc_write_page	24	static
mxs_nand.c:1200:5:mxs_nand_alloc_buffers	16	static
mxs_nand.c:1235:5:mxs_nand_init	24	static
mxs_nand.c:1305:5:board_nand_init	24	static
