nand_base.c:171:13:nand_release_device	0	static
nand_base.c:197:9:nand_read_byte	0	static
nand_base.c:212:16:nand_read_byte16	0	static
nand_base.c:224:12:nand_read_word	0	static
nand_base.c:260:13:nand_write_byte	16	static
nand_base.c:274:13:nand_write_byte16	16	static
nand_base.c:344:6:nand_write_buf	0	static
nand_base.c:363:6:nand_read_buf	0	static
nand_base.c:382:6:nand_write_buf16	0	static
nand_base.c:402:6:nand_read_buf16	0	static
nand_base.c:571:12:nand_check_wp	16	static
nand_base.c:1223:12:nand_read_page_raw_syndrome	32	static
nand_base.c:1265:12:nand_read_page_swecc	56	static
nand_base.c:1311:12:nand_read_subpage	48	static
nand_base.c:1406:12:nand_read_page_hwecc	48	static
nand_base.c:1459:12:nand_read_page_hwecc_oob_first	48	static
nand_base.c:1508:12:nand_read_page_syndrome	40	static
nand_base.c:1613:12:nand_setup_read_retry	0	static
nand_base.c:1834:12:nand_read_oob_std	16	static
nand_base.c:1849:12:nand_read_oob_syndrome	48	static
nand_base.c:1886:12:nand_write_oob_std	24	static
nand_base.c:1910:12:nand_write_oob_syndrome	64	static
nand_base.c:2136:12:nand_write_page_raw_syndrome	32	static
nand_base.c:2176:12:nand_write_page_swecc	48	static
nand_base.c:2203:12:nand_write_page_hwecc	40	static
nand_base.c:2299:12:nand_write_page_syndrome	32	static
nand_base.c:2780:13:single_erase_cmd	16	static
nand_base.c:2925:13:nand_sync	0	static
nand_base.c:3050:13:nand_set_defaults	0	static
nand_base.c:3209:12:nand_setup_read_retry_micron	16	static
nand_base.c:594:12:nand_block_checkbad	32	static
nand_base.c:2940:12:nand_block_isbad	16	static
nand_base.c:419:12:nand_block_bad	32	static
nand_base.c:2349:12:nand_write_page	40	static
nand_base.c:2237:12:nand_write_subpage_hwecc	56	static
nand_base.c:2410:17:nand_fill_oob	24	static
nand_base.c:2653:12:nand_do_write_oob	56	static
nand_base.c:480:12:nand_default_block_markbad	80	static
nand_base.c:2469:12:nand_do_write_ops	104	static
nand_base.c:2737:12:nand_write_oob	40	static
nand_base.c:2628:12:nand_write	56	static
nand_base.c:983:12:nand_wait	24	static
nand_base.c:3103:13:sanitize_string	0	static
bitops.h:12:19:generic_ffs	0	static
bitops.h:48:19:generic_fls	0	static
nand_base.c:1204:12:nand_read_page_raw	16	static
nand_base.c:2117:12:nand_write_page_raw	16	static
nand_base.c:2972:12:nand_onfi_set_features	24	static
nand_base.c:3002:12:nand_onfi_get_features	24	static
nand_base.c:237:13:nand_select_chip	8	static
nand_base.c:1563:17:nand_transfer_oob	24	static
nand_base.c:3121:12:onfi_crc16.constprop	4	static
nand_base.c:2594:12:panic_nand_write	64	static
nand_base.c:637:6:nand_wait_ready	16	static
nand_base.c:680:13:nand_command	24	static
nand_base.c:784:13:nand_command_lp	32	static
nand_base.c:1636:12:nand_do_read_ops	104	static
nand_base.c:2071:12:nand_read_oob	72	static
nand_base.c:1811:12:nand_read	56	static
nand_base.c:2808:5:nand_erase_nand	56	static
nand_base.c:2950:12:nand_block_markbad	104	static
nand_base.c:2795:12:nand_erase	0	static
nand_base.c:3917:5:nand_scan_ident	56	static
nand_base.c:3978:5:nand_scan_tail	24	static
nand_base.c:4292:5:nand_scan	8	static
