clock.c:386:12:get_ipg_clk	8	static
clock.c:412:12:get_uart_clk	8	static
clock.c:293:12:mxc_get_pll_pfd	16	static
clock.c:976:12:get_usdhc_clk	8	static
clock.c:28:6:enable_ocotp_clk	0	static
clock.c:42:6:setup_gpmi_io_clk	0	static
clock.c:83:6:enable_usboh3_clk	0	static
clock.c:97:6:enable_enet_clk	0	static
clock.c:151:5:enable_usdhc_clk	0	static
clock.c:170:5:enable_i2c_clk	0	static
clock.c:208:5:enable_spi_clk	0	static
clock.c:334:5:get_periph_clk	8	static
clock.c:445:12:get_axi_clk	8	static
clock.c:658:6:enable_lcdif_clock	0	static
clock.c:736:6:mxs_set_lcdclk	32	static
clock.c:845:6:enable_qspi_clk	0	static
clock.c:894:6:mxs_set_vadcclk	0	static
clock.c:906:5:enable_fec_anatop_clock	0	static
clock.c:1021:5:imx_get_uartclk	0	static
clock.c:1214:6:enable_thermal_clk	0	static
clock.c:1219:14:mxc_get_clock	24	static
clock.c:1026:5:imx_get_fecclk	0	static
clock.c:1264:5:do_mx6_showclocks	16	static
