mx6g2c.c:144:5:dram_init	0	static
mx6g2c.c:409:5:mmc_get_env_devno	0	static
mx6g2c.c:427:5:mmc_map_to_kernel_blk	0	static
mx6g2c.c:432:5:board_mmc_getcd	8	static
mx6g2c.c:468:5:board_mmc_init	8	static
mx6g2c.c:521:5:check_mmc_autodetect	8	static
mx6g2c.c:533:6:board_late_mmc_init	72	static
mx6g2c.c:588:5:board_video_skip	72	static
mx6g2c.c:635:5:board_eth_init	8	static
mx6g2c.c:676:5:board_phy_config	8	static
mx6g2c.c:717:5:board_usb_phy_mode	0	static
mx6g2c.c:725:5:board_ehci_hcd_init	0	static
mx6g2c.c:742:5:board_early_init_f	8	static
mx6g2c.c:758:6:hw_watchdog_reset	8	static
mx6g2c.c:751:6:wdt_init	8	static
mx6g2c.c:768:5:board_init	8	static
mx6g2c.c:812:5:board_late_init	8	static
mx6g2c.c:825:5:get_board_rev	0	static
mx6g2c.c:830:5:checkboard	8	static
