Archive member included because of file (symbol)

/home/shenguiting/mx6g2c-crosstool/bin/../lib/gcc/arm-linux-gnueabihf/4.9.2/libgcc.a(_udivsi3.o)
                              arch/arm/cpu/armv7/built-in.o (__aeabi_uidiv)
/home/shenguiting/mx6g2c-crosstool/bin/../lib/gcc/arm-linux-gnueabihf/4.9.2/libgcc.a(_divsi3.o)
                              common/built-in.o (__aeabi_idiv)
/home/shenguiting/mx6g2c-crosstool/bin/../lib/gcc/arm-linux-gnueabihf/4.9.2/libgcc.a(_lshrdi3.o)
                              drivers/mtd/built-in.o (__aeabi_llsr)
/home/shenguiting/mx6g2c-crosstool/bin/../lib/gcc/arm-linux-gnueabihf/4.9.2/libgcc.a(_ashrdi3.o)
                              drivers/mtd/nand/built-in.o (__aeabi_lasr)
/home/shenguiting/mx6g2c-crosstool/bin/../lib/gcc/arm-linux-gnueabihf/4.9.2/libgcc.a(_ashldi3.o)
                              drivers/mmc/built-in.o (__aeabi_llsl)
/home/shenguiting/mx6g2c-crosstool/bin/../lib/gcc/arm-linux-gnueabihf/4.9.2/libgcc.a(_aeabi_ldivmod.o)
                              board/freescale/mx6g2c/built-in.o (__aeabi_ldivmod)
/home/shenguiting/mx6g2c-crosstool/bin/../lib/gcc/arm-linux-gnueabihf/4.9.2/libgcc.a(_dvmd_lnx.o)
                              /home/shenguiting/mx6g2c-crosstool/bin/../lib/gcc/arm-linux-gnueabihf/4.9.2/libgcc.a(_udivsi3.o) (__aeabi_idiv0)
/home/shenguiting/mx6g2c-crosstool/bin/../lib/gcc/arm-linux-gnueabihf/4.9.2/libgcc.a(bpabi.o)
                              /home/shenguiting/mx6g2c-crosstool/bin/../lib/gcc/arm-linux-gnueabihf/4.9.2/libgcc.a(_aeabi_ldivmod.o) (__gnu_ldivmod_helper)
/home/shenguiting/mx6g2c-crosstool/bin/../lib/gcc/arm-linux-gnueabihf/4.9.2/libgcc.a(_divdi3.o)
                              /home/shenguiting/mx6g2c-crosstool/bin/../lib/gcc/arm-linux-gnueabihf/4.9.2/libgcc.a(bpabi.o) (__divdi3)
/home/shenguiting/mx6g2c-crosstool/bin/../lib/gcc/arm-linux-gnueabihf/4.9.2/libgcc.a(_udivdi3.o)
                              /home/shenguiting/mx6g2c-crosstool/bin/../lib/gcc/arm-linux-gnueabihf/4.9.2/libgcc.a(bpabi.o) (__udivdi3)

Discarded input sections

 .data          0x00000000        0x0 arch/arm/cpu/armv7/start.o
 .bss           0x00000000        0x0 arch/arm/cpu/armv7/start.o
 .text.v7_arch_cp15_set_l2aux_ctrl
                0x00000000        0x8 arch/arm/cpu/armv7/built-in.o
 .text.v7_arch_cp15_set_acr
                0x00000000        0x8 arch/arm/cpu/armv7/built-in.o
 .text.sdelay   0x00000000        0xc arch/arm/cpu/armv7/built-in.o
 .text.wait_on_value
                0x00000000       0x34 arch/arm/cpu/armv7/built-in.o
 .text.get_nr_cpus
                0x00000000       0x10 arch/arm/cpu/armv7/built-in.o
 .text.get_board_rev
                0x00000000       0x30 arch/arm/cpu/armv7/built-in.o
 .text.get_boot_device
                0x00000000       0x9c arch/arm/cpu/armv7/built-in.o
 .text.set_wdog_reset
                0x00000000       0x18 arch/arm/cpu/armv7/built-in.o
 .text.setup_gpmi_io_clk
                0x00000000       0x5c arch/arm/cpu/armv7/built-in.o
 .text.enable_usdhc_clk
                0x00000000       0x4c arch/arm/cpu/armv7/built-in.o
 .text.enable_i2c_clk
                0x00000000       0x60 arch/arm/cpu/armv7/built-in.o
 .text.enable_spi_clk
                0x00000000       0x44 arch/arm/cpu/armv7/built-in.o
 .text.enable_qspi_clk
                0x00000000       0x4c arch/arm/cpu/armv7/built-in.o
 .text.mxs_set_vadcclk
                0x00000000       0x24 arch/arm/cpu/armv7/built-in.o
 .data          0x00000000        0x0 arch/arm/cpu/armv7/built-in.o
 .bss           0x00000000        0x0 arch/arm/cpu/armv7/built-in.o
 .text          0x00000000        0x0 arch/arm/imx-common/built-in.o
 .text.imx_iomux_set_gpr_register
                0x00000000       0x3c arch/arm/imx-common/built-in.o
 .text.get_imx_reset_cause
                0x00000000       0x10 arch/arm/imx-common/built-in.o
 .text.imx_ddr_size
                0x00000000       0x64 arch/arm/imx-common/built-in.o
 .text.set_chipselect_size
                0x00000000       0x84 arch/arm/imx-common/built-in.o
 .text.force_idle_bus
                0x00000000      0x1c4 arch/arm/imx-common/built-in.o
 .text.setup_i2c
                0x00000000       0xec arch/arm/imx-common/built-in.o
 .text.usec2ticks
                0x00000000       0x64 arch/arm/imx-common/built-in.o
 .rodata.col_lookup
                0x00000000        0x8 arch/arm/imx-common/built-in.o
 .rodata.bank_lookup
                0x00000000        0x2 arch/arm/imx-common/built-in.o
 .rodata.i2c_bases
                0x00000000       0x10 arch/arm/imx-common/built-in.o
 .rodata.__func__.7022
                0x00000000        0xf arch/arm/imx-common/built-in.o
 .data          0x00000000        0x0 arch/arm/imx-common/built-in.o
 .bss           0x00000000        0x0 arch/arm/imx-common/built-in.o
 .text.reset_misc
                0x00000000        0x4 arch/arm/lib/built-in.o
 .text.flush_cache
                0x00000000        0x4 arch/arm/lib/built-in.o
 .text.flush_dcache_all
[...]
Memory Configuration

Name             Origin             Length             Attributes
*default*        0x00000000         0xffffffff

Linker script and memory map

Address of section .text set to 0x86800000
                0x00000000                . = 0x0
                0x00000000                . = ALIGN (0x4)

.text           0x86800000    0x53ae4
 *(.__image_copy_start)
 .__image_copy_start
                0x86800000        0x0 arch/arm/lib/built-in.o
                0x86800000                __image_copy_start
 *(.vectors)
 .vectors       0x86800000      0x300 arch/arm/lib/built-in.o
                0x86800000                _start
                0x86800020                _undefined_instruction
                0x86800024                _software_interrupt
                0x86800028                _prefetch_abort
                0x8680002c                _data_abort
                0x86800030                _not_used
                0x86800034                _irq
                0x86800038                _fiq
                0x86800040                IRQ_STACK_START_IN
 arch/arm/cpu/armv7/start.o(.text*)
 .text          0x86800300       0xb0 arch/arm/cpu/armv7/start.o
                0x86800300                reset
                0x86800304                save_boot_params_ret
                0x86800340                c_runtime_cpu_setup
                0x86800350                save_boot_params
                0x86800354                cpu_init_cp15
                0x868003a8                cpu_init_crit
 *(.text*)
 .text          0x868003b0       0x1c arch/arm/cpu/armv7/built-in.o
                0x868003b0                lowlevel_init
 .text.v7_maint_dcache_all
                0x868003cc       0xd0 arch/arm/cpu/armv7/built-in.o
 .text.invalidate_icache_all
                0x8680049c       0x18 arch/arm/cpu/armv7/built-in.o
                0x8680049c                invalidate_icache_all
 .text.v7_outer_cache_enable
                0x868004b4        0x4 arch/arm/cpu/armv7/built-in.o
                0x868004b4                v7_outer_cache_enable
 .text.v7_outer_cache_disable
                0x868004b8        0x4 arch/arm/cpu/armv7/built-in.o
                0x868004b8                v7_outer_cache_disable
 .text.v7_outer_cache_flush_all
                0x868004bc        0x4 arch/arm/cpu/armv7/built-in.o
                0x868004bc                v7_outer_cache_flush_all
 .text.flush_dcache_all
                0x868004c0       0x14 arch/arm/cpu/armv7/built-in.o
                0x868004c0                flush_dcache_all
 .text.v7_outer_cache_inval_all
                0x868004d4        0x4 arch/arm/cpu/armv7/built-in.o
                0x868004d4                v7_outer_cache_inval_all
 .text.invalidate_dcache_all
                0x868004d8       0x14 arch/arm/cpu/armv7/built-in.o
                0x868004d8                invalidate_dcache_all
 .text.arm_init_before_mmu
                0x868004ec       0x28 arch/arm/cpu/armv7/built-in.o
                0x868004ec                arm_init_before_mmu
 .text.v7_outer_cache_flush_range
                0x86800514        0x4 arch/arm/cpu/armv7/built-in.o
                0x86800514                v7_outer_cache_flush_range
 .text.flush_dcache_range
                0x86800518       0x3c arch/arm/cpu/armv7/built-in.o
                0x86800518                flush_dcache_range
 .text.mmu_page_table_flush
                0x86800554       0x24 arch/arm/cpu/armv7/built-in.o
                0x86800554                mmu_page_table_flush
 .text.flush_cache
                0x86800578        0x8 arch/arm/cpu/armv7/built-in.o
                0x86800578                flush_cache
 .text.v7_outer_cache_inval_range
                0x86800580        0x4 arch/arm/cpu/armv7/built-in.o
                0x86800580                v7_outer_cache_inval_range
 .text.invalidate_dcache_range
                0x86800584       0xac arch/arm/cpu/armv7/built-in.o
                0x86800584                invalidate_dcache_range
 .text.cpu_cache_initialization
                0x86800630        0x4 arch/arm/cpu/armv7/built-in.o
                0x86800630                cpu_cache_initialization
 .text.cleanup_before_linux
                0x86800634       0x28 arch/arm/cpu/armv7/built-in.o
                0x86800634                cleanup_before_linux
 .text.get_cpu_rev
                0x8680065c       0x68 arch/arm/cpu/armv7/built-in.o
                0x8680065c                get_cpu_rev
 .text.init_aips
                0x868006c4       0x58 arch/arm/cpu/armv7/built-in.o
                0x868006c4                init_aips
 .text.arch_cpu_init
                0x8680071c      0x144 arch/arm/cpu/armv7/built-in.o
                0x8680071c                arch_cpu_init
 .text.board_postclk_init
                0x86800860       0x58 arch/arm/cpu/armv7/built-in.o
                0x86800860                board_postclk_init
 .text.enable_caches
                0x868008b8       0x34 arch/arm/cpu/armv7/built-in.o
                0x868008b8                enable_caches
 .text.imx_get_mac_from_fuse
                0x868008ec       0x78 arch/arm/cpu/armv7/built-in.o
                0x868008ec                imx_get_mac_from_fuse
 .text.boot_mode_apply
                0x86800964       0x24 arch/arm/cpu/armv7/built-in.o
                0x86800964                boot_mode_apply
 .text.s_init   0x86800988       0x88 arch/arm/cpu/armv7/built-in.o
                0x86800988                s_init
 .text.reset_misc
                0x86800a10       0x1c arch/arm/cpu/armv7/built-in.o
                0x86800a10                reset_misc
 .text.get_ipg_clk
                0x86800a2c       0x28 arch/arm/cpu/armv7/built-in.o
 .text.get_uart_clk
                0x86800a54       0x5c arch/arm/cpu/armv7/built-in.o
 .text.mxc_get_pll_pfd
                0x86800ab0       0x98 arch/arm/cpu/armv7/built-in.o
 .text.get_usdhc_clk
                0x86800b48       0x68 arch/arm/cpu/armv7/built-in.o
 .text.enable_ocotp_clk
                0x86800bb0       0x24 arch/arm/cpu/armv7/built-in.o
                0x86800bb0                enable_ocotp_clk
 .text.enable_usboh3_clk
                0x86800bd4       0x24 arch/arm/cpu/armv7/built-in.o
                0x86800bd4                enable_usboh3_clk
 .text.enable_enet_clk
                0x86800bf8       0x24 arch/arm/cpu/armv7/built-in.o
                0x86800bf8                enable_enet_clk
 .text.get_periph_clk
                0x86800c1c       0xdc arch/arm/cpu/armv7/built-in.o
                0x86800c1c                get_periph_clk
 .text.get_axi_clk
                0x86800cf8       0x4c arch/arm/cpu/armv7/built-in.o
 .text.enable_lcdif_clock
                0x86800d44       0x40 arch/arm/cpu/armv7/built-in.o
                0x86800d44                enable_lcdif_clock
 .text.mxs_set_lcdclk
                0x86800d84      0x230 arch/arm/cpu/armv7/built-in.o
                0x86800d84                mxs_set_lcdclk
 .text.enable_fec_anatop_clock
                0x86800fb4       0x98 arch/arm/cpu/armv7/built-in.o
                0x86800fb4                enable_fec_anatop_clock
 .text.imx_get_uartclk
                0x8680104c        0x4 arch/arm/cpu/armv7/built-in.o
                0x8680104c                imx_get_uartclk
 .text.enable_thermal_clk
                0x86801050       0x48 arch/arm/cpu/armv7/built-in.o
                0x86801050                enable_thermal_clk
 .text.mxc_get_clock
                0x86801098      0x308 arch/arm/cpu/armv7/built-in.o
                0x86801098                mxc_get_clock
 .text.imx_get_fecclk
                0x868013a0        0x8 arch/arm/cpu/armv7/built-in.o
                0x868013a0                imx_get_fecclk
 .text.do_mx6_showclocks
                0x868013a8      0x230 arch/arm/cpu/armv7/built-in.o
                0x868013a8                do_mx6_showclocks
 .text.imx_iomux_v3_setup_pad
                0x868015d8       0xb0 arch/arm/imx-common/built-in.o
                0x868015d8                imx_iomux_v3_setup_pad
 .text.imx_iomux_v3_setup_multiple_pads
                0x86801688       0x2c arch/arm/imx-common/built-in.o
                0x86801688                imx_iomux_v3_setup_multiple_pads
 .text.get_imx_type
                0x868016b4       0x20 arch/arm/imx-common/built-in.o
                0x868016b4                get_imx_type
 .text.print_cpuinfo
                0x868016d4      0x1dc arch/arm/imx-common/built-in.o
                0x868016d4                print_cpuinfo
 .text.cpu_eth_init
                0x868018b0        0x4 arch/arm/imx-common/built-in.o
                0x868018b0                cpu_eth_init
 .text.cpu_mmc_init
                0x868018b4        0x4 arch/arm/imx-common/built-in.o
                0x868018b4                cpu_mmc_init
 .text.get_ahb_clk
                0x868018b8       0x24 arch/arm/imx-common/built-in.o
                0x868018b8                get_ahb_clk
 .text.arch_preboot_os
                0x868018dc        0x4 arch/arm/imx-common/built-in.o
                0x868018dc                arch_preboot_os
 .text.get_clocks
                0x868018e0       0x1c arch/arm/imx-common/built-in.o
                0x868018e0                get_clocks
 .text.mxs_wait_mask_set
                0x868018fc       0x40 arch/arm/imx-common/built-in.o
                0x868018fc                mxs_wait_mask_set
 .text.mxs_wait_mask_clr
                0x8680193c       0x3c arch/arm/imx-common/built-in.o
                0x8680193c                mxs_wait_mask_clr
 .text.mxs_reset_block
                0x86801978       0x90 arch/arm/imx-common/built-in.o
                0x86801978                mxs_reset_block
 .text.timer_init
                0x86801a08       0x3c arch/arm/imx-common/built-in.o
                0x86801a08                timer_init
 .text.get_ticks
                0x86801a44       0x18 arch/arm/imx-common/built-in.o
                0x86801a44                get_ticks
 .text.get_timer_masked
                0x86801a5c       0x58 arch/arm/imx-common/built-in.o
                0x86801a5c                get_timer_masked
 .text.get_timer
                0x86801ab4       0x14 arch/arm/imx-common/built-in.o
                0x86801ab4                get_timer
 .text.__udelay
                0x86801ac8       0x80 arch/arm/imx-common/built-in.o
                0x86801ac8                __udelay
 .text.get_tbclk
                0x86801b48        0x8 arch/arm/imx-common/built-in.o
                0x86801b48                get_tbclk
 .text.create_usage
                0x86801b50       0xa0 arch/arm/imx-common/built-in.o
 .text.do_boot_mode
                0x86801bf0       0xcc arch/arm/imx-common/built-in.o
 .text.add_board_boot_modes
                0x86801cbc       0x60 arch/arm/imx-common/built-in.o
                0x86801cbc                add_board_boot_modes
 .text          0x86801d1c       0xa8 arch/arm/lib/built-in.o
                0x86801d1c                _main
 .text.relocate_vectors
                0x86801dc4       0x70 arch/arm/lib/built-in.o
                0x86801dc4                relocate_vectors
                0x86801dd0                relocate_code
 .text.arch_fixup_fdt
                0x86801e34       0x38 arch/arm/lib/built-in.o
                0x86801e34                arch_fixup_fdt
 .text.boot_jump_linux
                0x86801e6c       0xc4 arch/arm/lib/built-in.o
 .text.arch_lmb_reserve
                0x86801f30       0x24 arch/arm/lib/built-in.o
                0x86801f30                arch_lmb_reserve
 .text.setup_board_tags
                0x86801f54        0x4 arch/arm/lib/built-in.o
                0x86801f54                setup_board_tags
 .text.boot_prep_linux
                0x86801f58      0x194 arch/arm/lib/built-in.o
 .text.do_bootm_linux
                0x868020ec       0x64 arch/arm/lib/built-in.o
                0x868020ec                do_bootm_linux
 .text.bootz_setup
                0x86802150       0x58 arch/arm/lib/built-in.o
                0x86802150                bootz_setup
 .text.boot_prep_vxworks
                0x868021a8       0x50 arch/arm/lib/built-in.o
                0x868021a8                boot_prep_vxworks
 .text.boot_jump_vxworks
                0x868021f8        0xc arch/arm/lib/built-in.o
                0x868021f8                boot_jump_vxworks
 .text.arch_reserve_stacks
                0x86802204       0x1c arch/arm/lib/built-in.o
                0x86802204                arch_reserve_stacks
 .text.interrupt_init
                0x86802220       0x1c arch/arm/lib/built-in.o
                0x86802220                interrupt_init
 .text.enable_interrupts
                0x8680223c        0x4 arch/arm/lib/built-in.o
                0x8680223c                enable_interrupts
 .text.disable_interrupts
                0x86802240        0x8 arch/arm/lib/built-in.o
                0x86802240                disable_interrupts
 .text.bad_mode
                0x86802248       0x10 arch/arm/lib/built-in.o
                0x86802248                bad_mode
 .text.show_regs
                0x86802258      0x174 arch/arm/lib/built-in.o
                0x86802258                show_regs
 .text.do_undefined_instruction
                0x868023cc       0x20 arch/arm/lib/built-in.o
                0x868023cc                do_undefined_instruction
 .text.do_software_interrupt
                0x868023ec       0x20 arch/arm/lib/built-in.o
                0x868023ec                do_software_interrupt
 .text.do_prefetch_abort
                0x8680240c       0x20 arch/arm/lib/built-in.o
                0x8680240c                do_prefetch_abort
 .text.do_data_abort
                0x8680242c       0x20 arch/arm/lib/built-in.o
                0x8680242c                do_data_abort
 .text.do_not_used
                0x8680244c       0x20 arch/arm/lib/built-in.o
                0x8680244c                do_not_used
 .text.do_fiq   0x8680246c       0x20 arch/arm/lib/built-in.o
                0x8680246c                do_fiq
 .text.do_irq   0x8680248c       0x20 arch/arm/lib/built-in.o
                0x8680248c                do_irq
 .text.do_reset
                0x868024ac       0x30 arch/arm/lib/built-in.o
                0x868024ac                do_reset
 .text.cp_delay
                0x868024dc       0x30 arch/arm/lib/built-in.o
 .text.cache_disable
                0x8680250c       0x50 arch/arm/lib/built-in.o
 .text.arm_init_domains
                0x8680255c        0x4 arch/arm/lib/built-in.o
                0x8680255c                arm_init_domains
 .text.set_section_dcache
                0x86802560       0x14 arch/arm/lib/built-in.o
                0x86802560                set_section_dcache
 .text.mmu_set_region_dcache_behaviour
                0x86802574       0x50 arch/arm/lib/built-in.o
                0x86802574                mmu_set_region_dcache_behaviour
 .text.dram_bank_mmu_setup
                0x868025c4       0x44 arch/arm/lib/built-in.o
                0x868025c4                dram_bank_mmu_setup
 .text.icache_enable
                0x86802608       0x18 arch/arm/lib/built-in.o
                0x86802608                icache_enable
 .text.icache_disable
                0x86802620        0x8 arch/arm/lib/built-in.o
                0x86802620                icache_disable
 .text.icache_status
                0x86802628        0xc arch/arm/lib/built-in.o
                0x86802628                icache_status
 .text.dcache_enable
                0x86802634       0x6c arch/arm/lib/built-in.o
                0x86802634                dcache_enable
 .text.dcache_disable
                0x868026a0        0x8 arch/arm/lib/built-in.o
                0x868026a0                dcache_disable
 .text.dcache_status
                0x868026a8        0xc arch/arm/lib/built-in.o
                0x868026a8                dcache_status
 .text.dram_init
                0x868026b4       0x10 board/freescale/mx6g2c/built-in.o
                0x868026b4                dram_init
 .text.mmc_get_env_devno
                0x868026c4       0x20 board/freescale/mx6g2c/built-in.o
                0x868026c4                mmc_get_env_devno
 .text.board_mmc_getcd
                0x868026e4       0x38 board/freescale/mx6g2c/built-in.o
                0x868026e4                board_mmc_getcd
 .text.board_mmc_init
                0x8680271c       0x5c board/freescale/mx6g2c/built-in.o
                0x8680271c                board_mmc_init
 .text.check_mmc_autodetect
                0x86802778       0x38 board/freescale/mx6g2c/built-in.o
                0x86802778                check_mmc_autodetect
 .text.board_late_mmc_init
                0x868027b0       0x78 board/freescale/mx6g2c/built-in.o
                0x868027b0                board_late_mmc_init
 .text.board_video_skip
                0x86802828      0x168 board/freescale/mx6g2c/built-in.o
                0x86802828                board_video_skip
 .text.board_eth_init
                0x86802990       0x68 board/freescale/mx6g2c/built-in.o
                0x86802990                board_eth_init
 .text.board_phy_config
                0x868029f8       0x88 board/freescale/mx6g2c/built-in.o
                0x868029f8                board_phy_config
 .text.board_usb_phy_mode
                0x86802a80       0x14 board/freescale/mx6g2c/built-in.o
                0x86802a80                board_usb_phy_mode
 .text.board_ehci_hcd_init
                0x86802a94       0x28 board/freescale/mx6g2c/built-in.o
                0x86802a94                board_ehci_hcd_init
 .text.board_early_init_f
                0x86802abc       0x7c board/freescale/mx6g2c/built-in.o
                0x86802abc                board_early_init_f
 .text.hw_watchdog_reset
                0x86802b38       0x28 board/freescale/mx6g2c/built-in.o
                0x86802b38                hw_watchdog_reset
 .text.wdt_init
                0x86802b60       0x1c board/freescale/mx6g2c/built-in.o
                0x86802b60                wdt_init
 .text.board_init
                0x86802b7c       0xd4 board/freescale/mx6g2c/built-in.o
                0x86802b7c                board_init
 .text.board_late_init
                0x86802c50       0x1c board/freescale/mx6g2c/built-in.o
                0x86802c50                board_late_init
 .text.get_board_rev
                0x86802c6c        0x4 board/freescale/mx6g2c/built-in.o
                0x86802c6c                get_board_rev
 .text.checkboard
                0x86802c70       0x18 board/freescale/mx6g2c/built-in.o
                0x86802c70                checkboard
 .text.do_enable_parallel_lcd
                0x86802c88       0x20 board/freescale/mx6g2c/built-in.o
                0x86802c88                do_enable_parallel_lcd
 .text.get_lcd_panels
                0x86802ca8        0xc board/freescale/mx6g2c/built-in.o
                0x86802ca8                get_lcd_panels
 .text.splash_screen_prepare
                0x86802cb4       0x28 board/freescale/mx6g2c/built-in.o
                0x86802cb4                splash_screen_prepare
 .text.override_lcd_settings
                0x86802cdc      0x140 board/freescale/mx6g2c/built-in.o
                0x86802cdc                override_lcd_settings
 .text.show_boot_progress
                0x86802e1c        0x4 common/built-in.o
                0x86802e1c                show_boot_progress
 .text.main_loop
                0x86802e20       0x20 common/built-in.o
                0x86802e20                main_loop
 .text.dummy    0x86802e40        0x4 common/built-in.o
 .text.get_version
                0x86802e44        0x8 common/built-in.o
                0x86802e44                get_version
 .text.jumptable_init
                0x86802e4c      0x1c0 common/built-in.o
                0x86802e4c                jumptable_init
 .text.hash_command
                0x8680300c       0xb4 common/built-in.o
                0x8680300c                hash_command
 .text.b_reset  0x868030c0       0x1c common/built-in.o
 .text.static_get
                0x868030dc       0x1c common/built-in.o
 .text.static_peek
                0x868030f8        0xc common/built-in.o
 .text.file_peek
                0x86803104        0xc common/built-in.o
 .text.mapset   0x86803110       0x20 common/built-in.o
 .text.syntax_err
                0x86803130        0xc common/built-in.o
 .text.free_pipe_list
                0x8680313c       0xf0 common/built-in.o
 .text.xmalloc  0x8680322c       0x20 common/built-in.o
 .text.new_pipe
                0x8680324c       0x28 common/built-in.o
 .text.xrealloc
                0x86803274       0x20 common/built-in.o
 .text.done_command
                0x86803294       0x88 common/built-in.o
 .text.done_pipe
                0x8680331c       0x48 common/built-in.o
 .text.done_word
                0x86803364      0x2e4 common/built-in.o
 .text.do_showvar
                0x86803648       0xfc common/built-in.o
 .text.is_assignment
                0x86803744       0x5c common/built-in.o
 .text.file_get
                0x868037a0      0x1ec common/built-in.o
 .text.b_addchr
                0x8680398c       0x78 common/built-in.o
 .text.b_addqchr
                0x86803a04       0x50 common/built-in.o
 .text.get_local_var
                0x86803a54       0xa0 common/built-in.o
                0x86803a54                get_local_var
 .text.set_local_var
                0x86803af4      0x1bc common/built-in.o
                0x86803af4                set_local_var
 .text.insert_var_value_sub
                0x86803cb0      0x2c0 common/built-in.o
 .text.parse_string_outer
                0x86803f70       0xe4 common/built-in.o
                0x86803f70                parse_string_outer
 .text.run_list_real
                0x86804054      0x7ec common/built-in.o
 .text.parse_stream_outer
                0x86804840      0x6cc common/built-in.o
 .text.parse_file_outer
                0x86804f0c       0x44 common/built-in.o
                0x86804f0c                parse_file_outer
 .text.u_boot_hush_start
                0x86804f50       0x54 common/built-in.o
                0x86804f50                u_boot_hush_start
 .text.bootdelay_process
                0x86804fa4       0xcc common/built-in.o
                0x86804fa4                bootdelay_process
 .text.autoboot_command
                0x86805070       0xd0 common/built-in.o
                0x86805070                autoboot_command
 .text.display_text_info
                0x86805140        0x8 common/built-in.o
 .text.setup_mon_len
                0x86805148       0x20 common/built-in.o
 .text.setup_fdt
                0x86805168        0x8 common/built-in.o
 .text.reserve_round_4k
                0x86805170       0x18 common/built-in.o
 .text.reserve_mmu
                0x86805188       0x38 common/built-in.o
 .text.reserve_trace
                0x868051c0        0x8 common/built-in.o
 .text.reserve_uboot
                0x868051c8       0x30 common/built-in.o
 .text.reserve_malloc
                0x868051f8       0x18 common/built-in.o
 .text.setup_machine
                0x86805210        0x8 common/built-in.o
 .text.reserve_global_data
                0x86805218       0x1c common/built-in.o
 .text.reserve_fdt
                0x86805234       0x4c common/built-in.o
 .text.display_new_sp
                0x86805280        0x8 common/built-in.o
 .text.initf_malloc
                0x86805288       0x1c common/built-in.o
 .text.reserve_arch
                0x868052a4        0x8 common/built-in.o
                0x868052a4                reserve_arch
 .text.setup_reloc
                0x868052ac       0x2c common/built-in.o
 .text.reloc_fdt
                0x868052d8       0x38 common/built-in.o
 .text.announce_dram_init
                0x86805310       0x18 common/built-in.o
 .text.init_func_i2c
                0x86805328       0x28 common/built-in.o
 .text.init_baud_rate
                0x86805350       0x2c common/built-in.o
 .text.initf_dm
                0x8680537c        0x8 common/built-in.o
 .text.mark_bootstage
                0x86805384       0x14 common/built-in.o
 .text.reserve_board
                0x86805398       0x40 common/built-in.o
 .text.coloured_LED_init
                0x868053d8        0x4 common/built-in.o
                0x868053d8                coloured_LED_init
 .text.red_led_on
                0x868053dc        0x4 common/built-in.o
                0x868053dc                red_led_on
 .text.board_add_ram_info
                0x868053e0        0x4 common/built-in.o
                0x868053e0                board_add_ram_info
 .text.show_dram_config
                0x868053e4       0x38 common/built-in.o
 .text.dram_init_banksize
                0x8680541c       0x20 common/built-in.o
                0x8680541c                dram_init_banksize
 .text.setup_dram_config
                0x8680543c       0x10 common/built-in.o
 .text.board_get_usable_ram_top
                0x8680544c       0x14 common/built-in.o
                0x8680544c                board_get_usable_ram_top
 .text.setup_dest_addr
                0x86805460       0x3c common/built-in.o
 .text.reserve_stacks
                0x8680549c       0x1c common/built-in.o
 .text.board_init_f
                0x868054b8       0x28 common/built-in.o
                0x868054b8                board_init_f
 .text.bootstage_relocate
                0x868054e0        0x8 common/built-in.o
 .text.initr_trace
                0x868054e8        0x8 common/built-in.o
 .text.initr_reloc_global_data
                0x868054f0       0x28 common/built-in.o
 .text.initr_barrier
                0x86805518        0x8 common/built-in.o
 .text.power_init_board
                0x86805520        0x8 common/built-in.o
                0x86805520                power_init_board
 .text.initr_announce
                0x86805528        0x8 common/built-in.o
 .text.run_main_loop
                0x86805530        0xc common/built-in.o
 .text.initr_net
                0x8680553c       0x20 common/built-in.o
 .text.initr_ethaddr
                0x8680555c       0x20 common/built-in.o
 .text.initr_enable_interrupts
                0x8680557c       0x10 common/built-in.o
 .text.initr_jumptable
                0x8680558c       0x10 common/built-in.o
 .text.initr_env
                0x8680559c       0x30 common/built-in.o
 .text.initr_mmc
                0x868055cc       0x20 common/built-in.o
 .text.initr_nand
                0x868055ec       0x1c common/built-in.o
 .text.initr_serial
                0x86805608       0x10 common/built-in.o
 .text.initr_dm
                0x86805618       0x14 common/built-in.o
 .text.initr_malloc
                0x8680562c       0x24 common/built-in.o
 .text.initr_caches
                0x86805650       0x10 common/built-in.o
 .text.initr_reloc
                0x86805660       0x24 common/built-in.o
 .text.cpu_secondary_init_r
                0x86805684        0x4 common/built-in.o
                0x86805684                cpu_secondary_init_r
 .text.initr_secondary_cpu
                0x86805688       0x10 common/built-in.o
 .text.board_init_r
                0x86805698       0x14 common/built-in.o
                0x86805698                board_init_r
 .text.show_board_info
                0x868056ac        0x4 common/built-in.o
                0x868056ac                show_board_info
 .text.do_go_exec
                0x868056b0       0x10 common/built-in.o
                0x868056b0                do_go_exec
 .text.do_go    0x868056c0       0x6c common/built-in.o
 .text.do_bootm
                0x8680572c      0x110 common/built-in.o
                0x8680572c                do_bootm
 .text.do_bootd
                0x8680583c       0x20 common/built-in.o
                0x8680583c                do_bootd
 .text.image_info
                0x8680585c       0xcc common/built-in.o
 .text.do_iminfo
                0x86805928       0x5c common/built-in.o
 .text.bootm_maybe_autostart
                0x86805984       0x78 common/built-in.o
                0x86805984                bootm_maybe_autostart
 .text.do_bootz
                0x868059fc       0xfc common/built-in.o
                0x868059fc                do_bootz
 .text.bootm_find_ramdisk_fdt
                0x86805af8       0xa8 common/built-in.o
                0x86805af8                bootm_find_ramdisk_fdt
 .text.bootm_decomp_image
                0x86805ba0      0x180 common/built-in.o
                0x86805ba0                bootm_decomp_image
 .text.bootm_disable_interrupts
                0x86805d20       0x18 common/built-in.o
                0x86805d20                bootm_disable_interrupts
 .text.do_bootm_states
                0x86805d38      0x748 common/built-in.o
                0x86805d38                do_bootm_states
 .text.do_bootm_standalone
                0x86806480       0x64 common/built-in.o
 .text.do_bootvx_fdt
                0x868064e4      0x10c common/built-in.o
                0x868064e4                do_bootvx_fdt
 .text.do_bootm_vxworks
                0x868065f0       0x24 common/built-in.o
 .text.boot_selected_os
                0x86806614       0x58 common/built-in.o
                0x86806614                boot_selected_os
 .text.bootm_os_get_boot_func
                0x8680666c       0x10 common/built-in.o
                0x8680666c                bootm_os_get_boot_func
 .text.do_help  0x8680667c       0x44 common/built-in.o
 .text.do_version
                0x868066c0       0x38 common/built-in.o
 .text.env_attr_walk
                0x868066f8      0x114 common/built-in.o
                0x868066f8                env_attr_walk
 .text.env_attr_lookup
                0x8680680c      0x18c common/built-in.o
                0x8680680c                env_attr_lookup
 .text.clear_callback
                0x86806998       0x10 common/built-in.o
 .text.find_env_callback
                0x868069a8       0x68 common/built-in.o
 .text.on_callbacks
                0x86806a10       0x48 common/built-in.o
 .text.set_callback
                0x86806a58       0x9c common/built-in.o
 .text.env_callback_init
                0x86806af4       0xc4 common/built-in.o
                0x86806af4                env_callback_init
 .text.skip_num
                0x86806bb8       0x70 common/built-in.o
 .text.clear_flags
                0x86806c28       0x10 common/built-in.o
 .text.on_flags
                0x86806c38       0x48 common/built-in.o
 .text.env_flags_parse_vartype
                0x86806c80       0x50 common/built-in.o
                0x86806c80                env_flags_parse_vartype
 .text.env_flags_parse_varaccess
                0x86806cd0       0x58 common/built-in.o
                0x86806cd0                env_flags_parse_varaccess
 .text.set_flags
                0x86806d28       0xb4 common/built-in.o
 .text.env_flags_init
                0x86806ddc       0xd8 common/built-in.o
                0x86806ddc                env_flags_init
 .text.env_flags_validate
                0x86806eb4      0x328 common/built-in.o
                0x86806eb4                env_flags_validate
 .text.mmc_get_env_addr
                0x868071dc       0x10 common/built-in.o
                0x868071dc                mmc_get_env_addr
 .text.env_init
                0x868071ec       0x1c common/built-in.o
                0x868071ec                env_init
 .text.mmc_get_env_part
                0x86807208        0x8 common/built-in.o
                0x86807208                mmc_get_env_part
 .text.init_mmc_for_env
                0x86807210       0x78 common/built-in.o
 .text.fini_mmc_for_env
                0x86807288       0x30 common/built-in.o
 .text.saveenv  0x868072b8      0x10c common/built-in.o
                0x868072b8                saveenv
 .text.env_relocate_spec
                0x868073c4       0xe4 common/built-in.o
                0x868073c4                env_relocate_spec
 .text.source   0x868074a8       0xd8 common/built-in.o
                0x868074a8                source
 .text.do_source
                0x86807580       0x48 common/built-in.o
 .text.print_num
                0x868075c8       0x14 common/built-in.o
 .text.do_bdinfo
                0x868075dc      0x190 common/built-in.o
 .text.do_bmp   0x8680776c       0x54 common/built-in.o
 .text.do_bmp_info
                0x868077c0       0xfc common/built-in.o
 .text.bmp_display
                0x868078bc       0x38 common/built-in.o
                0x868078bc                bmp_display
 .text.do_bmp_display
                0x868078f4       0xbc common/built-in.o
 .text.parse_argv
                0x868079b0       0x64 common/built-in.o
 .text.do_icache
                0x86807a14       0x88 common/built-in.o
 .text.do_dcache
                0x86807a9c       0x88 common/built-in.o
 .text.do_coninfo
                0x86807b24       0xc0 common/built-in.o
 .text.do_echo  0x86807be4       0xb0 common/built-in.o
 .text.do_exit  0x86807c94       0x3c common/built-in.o
 .text.do_fat_size
                0x86807cd0       0x18 common/built-in.o
                0x86807cd0                do_fat_size
 .text.do_fat_fsload
                0x86807ce8       0x18 common/built-in.o
                0x86807ce8                do_fat_fsload
 .text.do_fat_ls
                0x86807d00       0x18 common/built-in.o
 .text.do_fat_fsinfo
                0x86807d18       0x90 common/built-in.o
 .text.fdt_valid
                0x86807da8       0xbc common/built-in.o
 .text.is_printable_string
                0x86807e64       0x98 common/built-in.o
 .text.print_data
                0x86807efc      0x174 common/built-in.o
 .text.set_working_fdt_addr
                0x86808070       0x1c common/built-in.o
                0x86808070                set_working_fdt_addr
 .text.do_fdt   0x8680808c      0xe94 common/built-in.o
 .text.fdt_find_and_setprop
                0x86808f20       0x70 common/built-in.o
                0x86808f20                fdt_find_and_setprop
 .text.fdt_find_or_add_subnode
                0x86808f90       0x68 common/built-in.o
                0x86808f90                fdt_find_or_add_subnode
 .text.fdt_initrd
                0x86808ff8      0x1c8 common/built-in.o
                0x86808ff8                fdt_initrd
 .text.fdt_chosen
                0x868091c0       0xa8 common/built-in.o
                0x868091c0                fdt_chosen
 .text.do_fixup_by_path
                0x86809268       0x54 common/built-in.o
                0x86809268                do_fixup_by_path
 .text.fdt_fixup_memory_banks
                0x868092bc      0x1a0 common/built-in.o
                0x868092bc                fdt_fixup_memory_banks
 .text.fdt_fixup_memory
                0x8680945c       0x20 common/built-in.o
                0x8680945c                fdt_fixup_memory
 .text.fdt_fixup_ethernet
                0x8680947c      0x15c common/built-in.o
                0x8680947c                fdt_fixup_ethernet
 .text.fdt_shrink_to_minimum
                0x868095d8       0xcc common/built-in.o
                0x868095d8                fdt_shrink_to_minimum
 .text.do_flinfo
                0x868096a4        0x8 common/built-in.o
 .text.do_flerase
                0x868096ac        0x8 common/built-in.o
 .text.do_protect
                0x868096b4       0x10 common/built-in.o
 .text.strtou32
                0x868096c4       0x44 common/built-in.o
 .text.do_fuse  0x86809708      0x360 common/built-in.o
 .text.do_i2c   0x86809a68       0x64 common/built-in.o
 .text.do_i2c_reset
                0x86809acc       0x2c common/built-in.o
 .text.do_i2c_probe
                0x86809af8       0x9c common/built-in.o
 .text.do_i2c_bus_num
                0x86809b94       0xb4 common/built-in.o
 .text.do_i2c_bus_speed
                0x86809c48       0x74 common/built-in.o
 .text.do_i2c_show_bus
                0x86809cbc       0xd0 common/built-in.o
 .text.get_alen.constprop.5
                0x86809d8c       0x3c common/built-in.o
 .text.do_i2c_crc
                0x86809dc8      0x120 common/built-in.o
 .text.do_i2c_read
                0x86809ee8       0xbc common/built-in.o
 .text.do_i2c_md
                0x86809fa4      0x1e8 common/built-in.o
 .text.do_i2c_mw
                0x8680a18c       0xfc common/built-in.o
 .text.do_i2c_write
                0x8680a288      0x14c common/built-in.o
 .text.mod_i2c_mem.isra.4
                0x8680a3d4      0x204 common/built-in.o
 .text.do_i2c_nm
                0x8680a5d8        0x8 common/built-in.o
 .text.do_i2c_mm
                0x8680a5e0        0x8 common/built-in.o
 .text.do_i2c_loop
                0x8680a5e8       0xe4 common/built-in.o
 .text.i2c_init_board
                0x8680a6cc        0x4 common/built-in.o
                0x8680a6cc                i2c_init_board
 .text.evalexp  0x8680a6d0       0x6c common/built-in.o
 .text.evalstr  0x8680a73c       0x6c common/built-in.o
 .text.binary_test
                0x8680a7a8      0x1b8 common/built-in.o
 .text.do_itest
                0x8680a960       0x88 common/built-in.o
 .text.cmd_lcd_info
                0x8680a9e8       0x7c common/built-in.o
                0x8680a9e8                cmd_lcd_info
 .text.cmd_lcd_select
                0x8680aa64       0x38 common/built-in.o
                0x8680aa64                cmd_lcd_select
 .text.do_lcd_cmd
                0x8680aa9c      0x114 common/built-in.o
                0x8680aa9c                do_lcd_cmd
 .text.bin_data_init
                0x8680abb0       0x2c common/built-in.o
 .text.k_data_save
                0x8680abdc       0x4c common/built-in.o
 .text.k_data_restore
                0x8680ac28       0x4c common/built-in.o
 .text.getcxmodem
                0x8680ac74       0x20 common/built-in.o
 .text.load_serial_ymodem
                0x8680ac94       0xcc common/built-in.o
 .text.bin_data_char
                0x8680ad60       0x2c common/built-in.o
 .text.chk1.constprop.1
                0x8680ad8c       0x2c common/built-in.o
 .text.s1_sendpacket.constprop.2
                0x8680adb8       0x50 common/built-in.o
 .text.load_serial
                0x8680ae08      0x1e0 common/built-in.o
 .text.do_load_serial
                0x8680afe8       0xdc common/built-in.o
 .text.do_load_serial_bin
                0x8680b0c4      0x7a8 common/built-in.o
 .text.do_mem_mw
                0x8680b86c       0xc0 common/built-in.o
 .text.do_mem_loop
                0x8680b92c       0xec common/built-in.o
 .text.do_mem_md
                0x8680ba18       0xec common/built-in.o
 .text.do_mem_cmp
                0x8680bb04      0x164 common/built-in.o
 .text.do_mem_base
                0x8680bc68       0x40 common/built-in.o
 .text.do_mem_cp
                0x8680bca8       0xd8 common/built-in.o
 .text.do_mem_crc
                0x8680bd80       0x48 common/built-in.o
 .text.do_mem_mtest
                0x8680bdc8      0x200 common/built-in.o
 .text.mod_mem.isra.2
                0x8680bfc8      0x164 common/built-in.o
 .text.do_mem_mm
                0x8680c12c        0x8 common/built-in.o
 .text.do_mem_nm
                0x8680c134        0x8 common/built-in.o
 .text.miiphy_get_dev_by_name
                0x8680c13c       0x60 common/built-in.o
                0x8680c13c                miiphy_get_dev_by_name
 .text.miiphy_init
                0x8680c19c       0x24 common/built-in.o
                0x8680c19c                miiphy_init
 .text.mdio_alloc
                0x8680c1c0       0x30 common/built-in.o
                0x8680c1c0                mdio_alloc
 .text.mdio_register
                0x8680c1f0       0x9c common/built-in.o
                0x8680c1f0                mdio_register
 .text.mdio_list_devices
                0x8680c28c       0x98 common/built-in.o
                0x8680c28c                mdio_list_devices
 .text.miiphy_set_current_dev
                0x8680c324       0x40 common/built-in.o
                0x8680c324                miiphy_set_current_dev
 .text.miiphy_get_active_dev
                0x8680c364       0x54 common/built-in.o
 .text.mdio_get_current_dev
                0x8680c3b8       0x10 common/built-in.o
                0x8680c3b8                mdio_get_current_dev
 .text.mdio_phydev_for_ethname
                0x8680c3c8       0x88 common/built-in.o
                0x8680c3c8                mdio_phydev_for_ethname
 .text.miiphy_get_current_dev
                0x8680c450       0x18 common/built-in.o
                0x8680c450                miiphy_get_current_dev
 .text.miiphy_read
                0x8680c468       0x4c common/built-in.o
                0x8680c468                miiphy_read
 .text.miiphy_write
                0x8680c4b4       0x40 common/built-in.o
                0x8680c4b4                miiphy_write
 .text.miiphy_listdev
                0x8680c4f4       0x74 common/built-in.o
                0x8680c4f4                miiphy_listdev
 .text.miiphy_info
                0x8680c568       0x88 common/built-in.o
                0x8680c568                miiphy_info
 .text.miiphy_speed
                0x8680c5f0       0x94 common/built-in.o
                0x8680c5f0                miiphy_speed
 .text.miiphy_duplex
                0x8680c684       0x94 common/built-in.o
                0x8680c684                miiphy_duplex
 .text.miiphy_is_1000base_x
                0x8680c718        0x8 common/built-in.o
                0x8680c718                miiphy_is_1000base_x
 .text.extract_range
                0x8680c720       0xe4 common/built-in.o
 .text.do_mii   0x8680c804      0x7b8 common/built-in.o
 .text.do_mdio  0x8680cfbc      0x4dc common/built-in.o
 .text.do_sleep
                0x8680d498       0x70 common/built-in.o
 .text.do_mmcops
                0x8680d508       0xb4 common/built-in.o
 .text.init_mmc_device
                0x8680d5bc       0x54 common/built-in.o
 .text.do_mmc_rescan
                0x8680d610       0x24 common/built-in.o
 .text.do_mmc_hwpartition
                0x8680d634      0x518 common/built-in.o
 .text.do_mmc_list
                0x8680db4c       0x14 common/built-in.o
 .text.do_mmc_dev
                0x8680db60      0x134 common/built-in.o
 .text.do_mmc_part
                0x8680dc94       0x5c common/built-in.o
 .text.do_mmc_erase
                0x8680dcf0       0xe8 common/built-in.o
 .text.do_mmc_write
                0x8680ddd8      0x100 common/built-in.o
 .text.do_mmc_read
                0x8680ded8       0xec common/built-in.o
 .text.do_mmcinfo
                0x8680dfc4      0x370 common/built-in.o
 .text.do_mmc_setdsr
                0x8680e334       0xb0 common/built-in.o
 .text.part_delall
                0x8680e3e4       0x44 common/built-in.o
 .text.get_mtd_info
                0x8680e428       0x80 common/built-in.o
 .text.memsize_parse
                0x8680e4a8       0x80 common/built-in.o
 .text.part_validate
                0x8680e528      0x384 common/built-in.o
 .text.mtd_part_info
                0x8680e8ac       0x98 common/built-in.o
 .text.memsize_format
                0x8680e944       0x90 common/built-in.o
 .text.index_partitions
                0x8680e9d4       0xac common/built-in.o
 .text.current_save
                0x8680ea80       0xbc common/built-in.o
 .text.part_sort_add
                0x8680eb3c      0x11c common/built-in.o
 .text.device_del
                0x8680ec58       0x7c common/built-in.o
 .text.generate_mtdparts_save.constprop.7
                0x8680ecd4      0x300 common/built-in.o
 .text.device_delall.constprop.9
                0x8680efd4       0x64 common/built-in.o
 .text.mtd_devices_init
                0x8680f038       0x2c common/built-in.o
 .text.device_find
                0x8680f064       0x4c common/built-in.o
                0x8680f064                device_find
 .text.device_parse
                0x8680f0b0      0x554 common/built-in.o
 .text.mtd_id_parse
                0x8680f604      0x120 common/built-in.o
                0x8680f604                mtd_id_parse
 .text.find_dev_and_part
                0x8680f724      0x1b4 common/built-in.o
                0x8680f724                find_dev_and_part
 .text.mtdparts_init
                0x8680f8d8      0x660 common/built-in.o
                0x8680f8d8                mtdparts_init
 .text.do_chpart
                0x8680ff38       0xd4 common/built-in.o
 .text.do_mtdparts
                0x8681000c      0x5bc common/built-in.o
 .text.set_dev  0x868105c8       0x70 common/built-in.o
 .text.nand_print_and_set_info
                0x86810638       0xcc common/built-in.o
 .text.arg_off  0x86810704      0x108 common/built-in.o
 .text.arg_off_size
                0x8681080c      0x14c common/built-in.o
 .text.do_nand  0x86810958      0xd04 common/built-in.o
 .text.nand_load_image
                0x8681165c      0x1b8 common/built-in.o
 .text.do_nandboot
                0x86811814      0x254 common/built-in.o
 .text.netboot_common
                0x86811a68      0x294 common/built-in.o
 .text.do_bootp
                0x86811cfc        0xc common/built-in.o
 .text.do_dhcp  0x86811d08        0xc common/built-in.o
 .text.do_nfs   0x86811d14        0xc common/built-in.o
 .text.do_tftpb
                0x86811d20       0x40 common/built-in.o
                0x86811d20                do_tftpb
 .text.do_ping  0x86811d60       0x78 common/built-in.o
 .text.do_false
                0x86811dd8        0x8 common/built-in.o
 .text.do_true  0x86811de0        0x8 common/built-in.o
 .text.do_test  0x86811de8      0x33c common/built-in.o
 .text.ubi_find_volume
                0x86812124       0x70 common/built-in.o
 .text.ubi_volume_continue_write
                0x86812194       0xa0 common/built-in.o
 .text.ubi_volume_begin_write
                0x86812234       0xa4 common/built-in.o
                0x86812234                ubi_volume_begin_write
 .text.ubi_volume_write
                0x868122d8        0x8 common/built-in.o
                0x868122d8                ubi_volume_write
 .text.ubi_volume_read
                0x868122e0      0x1d4 common/built-in.o
                0x868122e0                ubi_volume_read
 .text.ubi_part
                0x868124b4      0x250 common/built-in.o
                0x868124b4                ubi_part
 .text.do_ubi   0x86812704      0x858 common/built-in.o
 .text.do_ubifs_mount
                0x86812f5c       0x64 common/built-in.o
 .text.do_ubifs_ls
                0x86812fc0       0x64 common/built-in.o
 .text.do_ubifs_load
                0x86813024       0xc8 common/built-in.o
 .text.ubifs_is_mounted
                0x868130ec       0x10 common/built-in.o
                0x868130ec                ubifs_is_mounted
 .text.cmd_ubifs_umount
                0x868130fc       0x5c common/built-in.o
                0x868130fc                cmd_ubifs_umount
 .text.do_ubifs_umount
                0x86813158       0x48 common/built-in.o
 .text.usb_get_class_desc
                0x868131a0       0xbc common/built-in.o
 .text.usb_display_class_sub
                0x8681325c      0x170 common/built-in.o
 .text.usb_find_device
                0x868133cc       0x3c common/built-in.o
 .text.usb_show_tree_graph
                0x86813408      0x21c common/built-in.o
 .text.usb_display_string
                0x86813624       0x44 common/built-in.o
 .text.usb_display_config
                0x86813668      0x20c common/built-in.o
 .text.do_usbboot
                0x86813874        0xc common/built-in.o
 .text.do_usb_start
                0x86813880       0x44 common/built-in.o
 .text.usb_display_desc.part.3
                0x868138c4      0x12c common/built-in.o
 .text.do_usb   0x868139f0      0x78c common/built-in.o
 .text.usb_set_maxpacket_ep
                0x8681417c       0x70 common/built-in.o
 .text.usb_stop
                0x868141ec       0x80 common/built-in.o
                0x868141ec                usb_stop
 .text.usb_disable_asynch
                0x8681426c       0x20 common/built-in.o
                0x8681426c                usb_disable_asynch
 .text.usb_control_msg
                0x8681428c       0xc4 common/built-in.o
                0x8681428c                usb_control_msg
 .text.usb_get_descriptor
                0x86814350       0x58 common/built-in.o
 .text.usb_get_string
                0x868143a8       0x70 common/built-in.o
 .text.usb_string_sub
                0x86814418      0x108 common/built-in.o
 .text.usb_bulk_msg
                0x86814520       0x78 common/built-in.o
                0x86814520                usb_bulk_msg
 .text.usb_maxpacket
                0x86814598       0x1c common/built-in.o
                0x86814598                usb_maxpacket
 .text.usb_clear_halt
                0x868145b4       0x90 common/built-in.o
                0x868145b4                usb_clear_halt
 .text.usb_get_configuration_no
                0x86814644       0xbc common/built-in.o
                0x86814644                usb_get_configuration_no
 .text.usb_set_interface
                0x86814700       0xa8 common/built-in.o
                0x86814700                usb_set_interface
 .text.usb_string
                0x868147a8      0x100 common/built-in.o
                0x868147a8                usb_string
 .text.usb_get_dev_index
                0x868148a8       0x24 common/built-in.o
                0x868148a8                usb_get_dev_index
 .text.usb_alloc_new_device
                0x868148cc       0x94 common/built-in.o
                0x868148cc                usb_alloc_new_device
 .text.usb_free_device
                0x86814960       0x48 common/built-in.o
                0x86814960                usb_free_device
 .text.usb_alloc_device
                0x868149a8        0x8 common/built-in.o
                0x868149a8                usb_alloc_device
 .text.usb_new_device
                0x868149b0      0x5d0 common/built-in.o
                0x868149b0                usb_new_device
 .text.usb_init
                0x86814f80      0x154 common/built-in.o
                0x86814f80                usb_init
 .text.usb_set_port_feature
                0x868150d4       0x4c common/built-in.o
 .text.usb_hub_power_on
                0x86815120       0x44 common/built-in.o
 .text.usb_get_port_status
                0x86815164       0x4c common/built-in.o
 .text.usb_clear_port_feature
                0x868151b0       0x4c common/built-in.o
 .text.usb_get_hub_descriptor
                0x868151fc       0x4c common/built-in.o
 .text.usb_hub_reset_devices
                0x86815248        0x4 common/built-in.o
                0x86815248                usb_hub_reset_devices
 .text.usb_hub_reset
                0x8681524c       0x14 common/built-in.o
                0x8681524c                usb_hub_reset
 .text.hub_port_reset
                0x86815260       0x98 common/built-in.o
                0x86815260                hub_port_reset
 .text.usb_hub_port_connect_change
                0x868152f8      0x120 common/built-in.o
                0x868152f8                usb_hub_port_connect_change
 .text.usb_hub_configure
                0x86815418      0x2d8 common/built-in.o
 .text.usb_hub_probe
                0x868156f0       0x58 common/built-in.o
                0x868156f0                usb_hub_probe
 .text.usb_stor_irq
                0x86815748       0x1c common/built-in.o
 .text.usb_stor_BBB_reset
                0x86815764       0xd0 common/built-in.o
 .text.usb_stor_CB_reset
                0x86815834       0xd0 common/built-in.o
 .text.usb_stor_BBB_clear_endpt_stall.isra.2
                0x86815904       0x40 common/built-in.o
 .text.usb_stor_BBB_transport
                0x86815944      0x26c common/built-in.o
 .text.usb_stor_CB_comdat
                0x86815bb0      0x218 common/built-in.o
 .text.usb_stor_CBI_get_status.isra.4
                0x86815dc8       0xcc common/built-in.o
 .text.usb_stor_CB_transport
                0x86815e94      0x228 common/built-in.o
 .text.usb_request_sense.constprop.10
                0x868160bc       0x70 common/built-in.o
 .text.usb_stor_write
                0x8681612c      0x1cc common/built-in.o
                0x8681612c                usb_stor_write
 .text.usb_stor_read
                0x868162f8      0x1cc common/built-in.o
                0x868162f8                usb_stor_read
 .text.usb_stor_get_dev
                0x868164c4       0x28 common/built-in.o
                0x868164c4                usb_stor_get_dev
 .text.usb_stor_info
                0x868164ec       0x74 common/built-in.o
                0x868164ec                usb_stor_info
 .text.usb_storage_probe
                0x86816560      0x204 common/built-in.o
                0x86816560                usb_storage_probe
 .text.usb_stor_get_info
                0x86816764      0x320 common/built-in.o
                0x86816764                usb_stor_get_info
 .text.usb_stor_scan
                0x86816a84      0x204 common/built-in.o
                0x86816a84                usb_stor_scan
 .text.do_imgextract
                0x86816c88      0x28c common/built-in.o
 .text.splash_get_pos
                0x86816f14       0x84 common/built-in.o
                0x86816f14                splash_get_pos
 .text.do_env_delete
                0x86816f98       0x9c common/built-in.o
 .text.do_env_exists
                0x86817034       0x6c common/built-in.o
 .text.do_env_save
                0x868170a0       0x2c common/built-in.o
 .text.do_env   0x868170cc       0x64 common/built-in.o
 .text.env_print
                0x86817130       0xc8 common/built-in.o
 .text.do_env_print
                0x868171f8       0xc4 common/built-in.o
 .text.do_env_default
                0x868172bc       0xa8 common/built-in.o
 .text._do_env_set.isra.0
                0x86817364      0x1c4 common/built-in.o
 .text.do_env_set
                0x86817528       0x1c common/built-in.o
 .text.get_env_id
                0x86817544       0x10 common/built-in.o
                0x86817544                get_env_id
 .text.setenv   0x86817554       0x5c common/built-in.o
                0x86817554                setenv
 .text.setenv_ulong
                0x868175b0       0x20 common/built-in.o
                0x868175b0                setenv_ulong
 .text.setenv_hex
                0x868175d0       0x34 common/built-in.o
                0x868175d0                setenv_hex
 .text.envmatch
                0x86817604       0x6c common/built-in.o
                0x86817604                envmatch
 .text.getenv_f
                0x86817670       0xc0 common/built-in.o
                0x86817670                getenv_f
 .text.getenv   0x86817730       0x80 common/built-in.o
                0x86817730                getenv
 .text.getenv_hex
                0x868177b0       0x3c common/built-in.o
                0x868177b0                getenv_hex
 .text.getenv_ulong
                0x868177ec       0x30 common/built-in.o
                0x868177ec                getenv_ulong
 .text.do_env_edit
                0x8681781c       0x7c common/built-in.o
 .text.env_get_char_spec
                0x86817898        0xc common/built-in.o
                0x86817898                env_get_char_spec
 .text.env_get_addr
                0x868178a4       0x20 common/built-in.o
                0x868178a4                env_get_addr
 .text.env_get_char_memory
                0x868178c4       0x10 common/built-in.o
                0x868178c4                env_get_char_memory
 .text.env_get_char
                0x868178d4       0x30 common/built-in.o
                0x868178d4                env_get_char
 .text.getenv_yesno
                0x86817904       0x40 common/built-in.o
                0x86817904                getenv_yesno
 .text.getenv_default
                0x86817944       0x30 common/built-in.o
                0x86817944                getenv_default
 .text.set_default_env
                0x86817974       0xc0 common/built-in.o
                0x86817974                set_default_env
 .text.set_default_vars
                0x86817a34       0x38 common/built-in.o
                0x86817a34                set_default_vars
 .text.env_import
                0x86817a6c       0xdc common/built-in.o
                0x86817a6c                env_import
 .text.env_export
                0x86817b48       0xa0 common/built-in.o
                0x86817b48                env_export
 .text.env_relocate
                0x86817be8       0x2c common/built-in.o
                0x86817be8                env_relocate
 .text.env_complete
                0x86817c14       0xdc common/built-in.o
                0x86817c14                env_complete
 .text.console_setfile
                0x86817cf0       0xc0 common/built-in.o
 .text.serial_printf
                0x86817db0       0x48 common/built-in.o
                0x86817db0                serial_printf
 .text.puts     0x86817df8       0x34 common/built-in.o
                0x86817df8                puts
 .text.printf   0x86817e2c       0x54 common/built-in.o
                0x86817e2c                printf
 .text.putc     0x86817e80       0x34 common/built-in.o
                0x86817e80                putc
 .text.fgetc    0x86817eb4       0x24 common/built-in.o
                0x86817eb4                fgetc
 .text.getc     0x86817ed8       0x24 common/built-in.o
                0x86817ed8                getc
 .text.ftstc    0x86817efc       0x24 common/built-in.o
                0x86817efc                ftstc
 .text.tstc     0x86817f20       0x24 common/built-in.o
                0x86817f20                tstc
 .text.vprintf  0x86817f44       0x34 common/built-in.o
                0x86817f44                vprintf
 .text.ctrlc    0x86817f78       0x58 common/built-in.o
                0x86817f78                ctrlc
 .text.confirm_yesno
                0x86817fd0       0xd4 common/built-in.o
                0x86817fd0                confirm_yesno
 .text.had_ctrlc
                0x868180a4       0x10 common/built-in.o
                0x868180a4                had_ctrlc
 .text.clear_ctrlc
                0x868180b4       0x14 common/built-in.o
                0x868180b4                clear_ctrlc
 .text.search_device
                0x868180c8       0x28 common/built-in.o
                0x868180c8                search_device
 .text.console_assign
                0x868180f0       0x48 common/built-in.o
                0x868180f0                console_assign
 .text.on_console
                0x86818138       0xc0 common/built-in.o
 .text.console_init_f
                0x868181f8       0x10 common/built-in.o
                0x868181f8                console_init_f
 .text.stdio_print_current_devices
                0x86818208       0xb0 common/built-in.o
                0x86818208                stdio_print_current_devices
 .text.console_init_r
                0x868182b8      0x180 common/built-in.o
                0x868182b8                console_init_r
 .text.sbrk     0x86818438       0x6c common/built-in.o
                0x86818438                sbrk
 .text.mem_malloc_init
                0x868184a4       0x34 common/built-in.o
                0x868184a4                mem_malloc_init
 .text.malloc_trim
                0x868184d8       0xcc common/built-in.o
                0x868184d8                malloc_trim
 .text.free     0x868185a4      0x24c common/built-in.o
                0x868185a4                free
 .text.malloc   0x868187f0      0x62c common/built-in.o
                0x868187f0                malloc
 .text.calloc   0x86818e1c      0x148 common/built-in.o
                0x86818e1c                calloc
 .text.realloc  0x86818f64      0x4dc common/built-in.o
                0x86818f64                realloc
 .text.memalign
                0x86819440      0x10c common/built-in.o
                0x86819440                memalign
 .text.malloc_simple
                0x8681954c       0x30 common/built-in.o
                0x8681954c                malloc_simple
 .text.on_loadaddr
                0x8681957c       0x38 common/built-in.o
 .text.image_check_hcrc
                0x868195b4       0x4c common/built-in.o
                0x868195b4                image_check_hcrc
 .text.image_check_dcrc
                0x86819600       0x38 common/built-in.o
                0x86819600                image_check_dcrc
 .text.image_multi_count
                0x86819638       0x1c common/built-in.o
                0x86819638                image_multi_count
 .text.image_multi_getimg
                0x86819654       0x80 common/built-in.o
                0x86819654                image_multi_getimg
 .text.getenv_bootm_low
                0x868196d4       0x30 common/built-in.o
                0x868196d4                getenv_bootm_low
 .text.getenv_bootm_size
                0x86819704       0x5c common/built-in.o
                0x86819704                getenv_bootm_size
 .text.getenv_bootm_mapsize
                0x86819760       0x30 common/built-in.o
                0x86819760                getenv_bootm_mapsize
 .text.memmove_wd
                0x86819790        0xc common/built-in.o
                0x86819790                memmove_wd
 .text.genimg_print_size
                0x8681979c       0x30 common/built-in.o
                0x8681979c                genimg_print_size
 .text.get_table_entry_name
                0x868197cc       0x2c common/built-in.o
                0x868197cc                get_table_entry_name
 .text.genimg_get_os_name
                0x868197f8       0x18 common/built-in.o
                0x868197f8                genimg_get_os_name
 .text.genimg_get_arch_name
                0x86819810       0x18 common/built-in.o
                0x86819810                genimg_get_arch_name
 .text.genimg_get_type_name
                0x86819828       0x18 common/built-in.o
                0x86819828                genimg_get_type_name
 .text.genimg_get_comp_name
                0x86819840       0x18 common/built-in.o
                0x86819840                genimg_get_comp_name
 .text.image_print_contents
                0x86819858      0x174 common/built-in.o
                0x86819858                image_print_contents
 .text.genimg_get_kernel_addr_fit
                0x868199cc       0x24 common/built-in.o
                0x868199cc                genimg_get_kernel_addr_fit
 .text.genimg_get_format
                0x868199f0       0x34 common/built-in.o
                0x868199f0                genimg_get_format
 .text.genimg_get_image
                0x86819a24        0x4 common/built-in.o
                0x86819a24                genimg_get_image
 .text.genimg_has_config
                0x86819a28        0x8 common/built-in.o
                0x86819a28                genimg_has_config
 .text.boot_get_ramdisk
                0x86819a30      0x238 common/built-in.o
                0x86819a30                boot_get_ramdisk
 .text.boot_ramdisk_high
                0x86819c68      0x130 common/built-in.o
                0x86819c68                boot_ramdisk_high
 .text.boot_get_setup
                0x86819d98        0x8 common/built-in.o
                0x86819d98                boot_get_setup
 .text.image_setup_linux
                0x86819da0       0x8c common/built-in.o
                0x86819da0                image_setup_linux
 .text.fdt_error
                0x86819e2c       0x2c common/built-in.o
 .text.boot_fdt_add_mem_rsv_regions
                0x86819e58       0x88 common/built-in.o
                0x86819e58                boot_fdt_add_mem_rsv_regions
 .text.boot_relocate_fdt
                0x86819ee0      0x198 common/built-in.o
                0x86819ee0                boot_relocate_fdt
 .text.boot_get_fdt
                0x8681a078      0x2ac common/built-in.o
                0x8681a078                boot_get_fdt
 .text.ft_verify_fdt
                0x8681a324        0x8 common/built-in.o
                0x8681a324                ft_verify_fdt
 .text.image_setup_libfdt
                0x8681a32c       0xe8 common/built-in.o
                0x8681a32c                image_setup_libfdt
 .text.get_effective_memsize
                0x8681a414        0x8 common/built-in.o
                0x8681a414                get_effective_memsize
 .text.nulldev_putc
                0x8681a41c        0x4 common/built-in.o
 .text.nulldev_puts
                0x8681a420        0x4 common/built-in.o
 .text.nulldev_input
                0x8681a424        0x8 common/built-in.o
 .text.stdio_serial_tstc
                0x8681a42c        0x4 common/built-in.o
 .text.stdio_serial_getc
                0x8681a430        0x4 common/built-in.o
 .text.stdio_serial_puts
                0x8681a434        0x8 common/built-in.o
 .text.stdio_serial_putc
                0x8681a43c        0x8 common/built-in.o
 .text.stdio_get_list
                0x8681a444        0xc common/built-in.o
                0x8681a444                stdio_get_list
 .text.stdio_get_by_name
                0x8681a450       0x5c common/built-in.o
                0x8681a450                stdio_get_by_name
 .text.stdio_clone
                0x8681a4ac       0x38 common/built-in.o
                0x8681a4ac                stdio_clone
 .text.stdio_register_dev
                0x8681a4e4       0x50 common/built-in.o
                0x8681a4e4                stdio_register_dev
 .text.stdio_register
                0x8681a534        0x8 common/built-in.o
                0x8681a534                stdio_register
 .text.stdio_init_tables
                0x8681a53c       0x1c common/built-in.o
                0x8681a53c                stdio_init_tables
 .text.stdio_add_devices
                0x8681a558       0xd4 common/built-in.o
                0x8681a558                stdio_add_devices
 .text.run_command
                0x8681a62c       0x10 common/built-in.o
                0x8681a62c                run_command
 .text.run_command_list
                0x8681a63c       0x7c common/built-in.o
                0x8681a63c                run_command_list
 .text.do_run   0x8681a6b8       0x78 common/built-in.o
                0x8681a6b8                do_run
 .text.cli_loop
                0x8681a730        0xc common/built-in.o
                0x8681a730                cli_loop
 .text.cli_init
                0x8681a73c        0x4 common/built-in.o
                0x8681a73c                cli_init
 .text.delete_char.part.0
                0x8681a740       0xd4 common/built-in.o
 .text.cread_add_char
                0x8681a814       0xec common/built-in.o
 .text.cli_readline_into_buffer
                0x8681a900      0x9c0 common/built-in.o
                0x8681a900                cli_readline_into_buffer
 .text.cli_readline
                0x8681b2c0       0x14 common/built-in.o
                0x8681b2c0                cli_readline
 .text.find_cmd_tbl
                0x8681b2d4       0xa4 common/built-in.o
                0x8681b2d4                find_cmd_tbl
 .text.find_cmd
                0x8681b378       0x28 common/built-in.o
                0x8681b378                find_cmd
 .text.cmd_usage
                0x8681b3a0       0x5c common/built-in.o
                0x8681b3a0                cmd_usage
 .text._do_help
                0x8681b3fc      0x180 common/built-in.o
                0x8681b3fc                _do_help
 .text.var_complete
                0x8681b57c       0x84 common/built-in.o
                0x8681b57c                var_complete
 .text.cmd_auto_complete
                0x8681b600      0x4b4 common/built-in.o
                0x8681b600                cmd_auto_complete
 .text.cmd_get_data_size
                0x8681bab4       0x5c common/built-in.o
                0x8681bab4                cmd_get_data_size
 .text.cmd_process
                0x8681bb10       0xf4 common/built-in.o
                0x8681bb10                cmd_process
 .text.cmd_process_error
                0x8681bc04       0x30 common/built-in.o
                0x8681bc04                cmd_process_error
 .text.hex1_bin
                0x8681bc34       0x40 common/built-in.o
 .text.hex2_bin
                0x8681bc74       0x38 common/built-in.o
 .text.srec_decode
                0x8681bcac      0x254 common/built-in.o
                0x8681bcac                srec_decode
 .text.CYGACC_COMM_IF_GETC_TIMEOUT.isra.0
                0x8681bf00       0x5c common/built-in.o
 .text.xyzModem_flush
                0x8681bf5c       0x1c common/built-in.o
 .text.xyzModem_get_hdr
                0x8681bf78      0x22c common/built-in.o
 .text.xyzModem_stream_open
                0x8681c1a4      0x23c common/built-in.o
                0x8681c1a4                xyzModem_stream_open
 .text.xyzModem_stream_read
                0x8681c3e0      0x258 common/built-in.o
                0x8681c3e0                xyzModem_stream_read
 .text.xyzModem_stream_close
                0x8681c638       0x54 common/built-in.o
                0x8681c638                xyzModem_stream_close
 .text.xyzModem_stream_terminate
                0x8681c68c       0x94 common/built-in.o
                0x8681c68c                xyzModem_stream_terminate
 .text.xyzModem_error
                0x8681c720       0x20 common/built-in.o
                0x8681c720                xyzModem_error
 .text.common_diskboot
                0x8681c740      0x244 common/built-in.o
                0x8681c740                common_diskboot
 .text.get_dev_hwpart
                0x8681c984       0xb0 disk/built-in.o
 .text.dev_print
                0x8681ca34      0x214 disk/built-in.o
                0x8681ca34                dev_print
 .text.init_part
                0x8681cc48       0x20 disk/built-in.o
                0x8681cc48                init_part
 .text.print_part
                0x8681cc68       0xf4 disk/built-in.o
                0x8681cc68                print_part
 .text.get_partition_info
                0x8681cd5c       0x2c disk/built-in.o
                0x8681cd5c                get_partition_info
 .text.get_device
                0x8681cd88      0x114 disk/built-in.o
                0x8681cd88                get_device
 .text.get_device_and_partition
                0x8681ce9c      0x444 disk/built-in.o
                0x8681ce9c                get_device_and_partition
 .text.test_block_type
                0x8681d2e0       0x84 disk/built-in.o
 .text.print_partition_extended
                0x8681d364      0x278 disk/built-in.o
 .text.get_partition_info_extended.constprop.2
                0x8681d5dc      0x30c disk/built-in.o
 .text.test_part_dos
                0x8681d8e8       0x64 disk/built-in.o
                0x8681d8e8                test_part_dos
 .text.print_part_dos
                0x8681d94c       0x34 disk/built-in.o
                0x8681d94c                print_part_dos
 .text.get_partition_info_dos
                0x8681d980       0x20 disk/built-in.o
                0x8681d980                get_partition_info_dos
 .text.device_bind
                0x8681d9a0      0x268 drivers/built-in.o
                0x8681d9a0                device_bind
 .text.device_bind_by_name
                0x8681dc08       0x60 drivers/built-in.o
                0x8681dc08                device_bind_by_name
 .text.device_probe
                0x8681dc68        0x8 drivers/built-in.o
                0x8681dc68                device_probe
 .text.device_probe_child
                0x8681dc70      0x210 drivers/built-in.o
                0x8681dc70                device_probe_child
 .text.dev_get_platdata
                0x8681de80       0x34 drivers/built-in.o
                0x8681de80                dev_get_platdata
 .text.dev_get_priv
                0x8681deb4       0x34 drivers/built-in.o
                0x8681deb4                dev_get_priv
 .text.lists_driver_lookup_name
                0x8681dee8       0x4c drivers/built-in.o
                0x8681dee8                lists_driver_lookup_name
 .text.lists_uclass_lookup
                0x8681df34       0x3c drivers/built-in.o
                0x8681df34                lists_uclass_lookup
 .text.lists_bind_drivers
                0x8681df70       0x88 drivers/built-in.o
                0x8681df70                lists_bind_drivers
 .text.dm_root  0x8681dff8       0x28 drivers/built-in.o
                0x8681dff8                dm_root
 .text.dm_init  0x8681e020       0x58 drivers/built-in.o
                0x8681e020                dm_init
 .text.dm_scan_platdata
                0x8681e078       0x2c drivers/built-in.o
                0x8681e078                dm_scan_platdata
 .text.dm_scan_other
                0x8681e0a4        0x8 drivers/built-in.o
                0x8681e0a4                dm_scan_other
 .text.dm_init_and_scan
                0x8681e0ac       0x30 drivers/built-in.o
                0x8681e0ac                dm_init_and_scan
 .text.uclass_find
                0x8681e0dc       0x4c drivers/built-in.o
                0x8681e0dc                uclass_find
 .text.uclass_get
                0x8681e128      0x134 drivers/built-in.o
                0x8681e128                uclass_get
 .text.uclass_find_device
                0x8681e25c       0x68 drivers/built-in.o
                0x8681e25c                uclass_find_device
 .text.uclass_find_device_by_seq
                0x8681e2c4       0x7c drivers/built-in.o
                0x8681e2c4                uclass_find_device_by_seq
 .text.uclass_get_device
                0x8681e340       0x3c drivers/built-in.o
                0x8681e340                uclass_get_device
 .text.uclass_bind_device
                0x8681e37c       0xa4 drivers/built-in.o
                0x8681e37c                uclass_bind_device
 .text.uclass_unbind_device
                0x8681e420       0x50 drivers/built-in.o
                0x8681e420                uclass_unbind_device
 .text.uclass_resolve_seq
                0x8681e470       0xb0 drivers/built-in.o
                0x8681e470                uclass_resolve_seq
 .text.uclass_pre_probe_child
                0x8681e520       0x2c drivers/built-in.o
                0x8681e520                uclass_pre_probe_child
 .text.uclass_post_probe_device
                0x8681e54c       0x20 drivers/built-in.o
                0x8681e54c                uclass_post_probe_device
 .text.uclass_pre_remove_device
                0x8681e56c       0x5c drivers/built-in.o
                0x8681e56c                uclass_pre_remove_device
 .text.dm_warn  0x8681e5c8       0x28 drivers/built-in.o
                0x8681e5c8                dm_warn
 .text.device_free
                0x8681e5f0       0x90 drivers/built-in.o
                0x8681e5f0                device_free
 .text.device_remove
                0x8681e680      0x138 drivers/built-in.o
                0x8681e680                device_remove
 .text.finish_access
                0x8681e7b8       0x2c drivers/built-in.o
 .text.set_timing
                0x8681e7e4       0xb8 drivers/built-in.o
 .text.prepare_access
                0x8681e89c       0x8c drivers/built-in.o
 .text.fuse_bank_physical
                0x8681e928       0x78 drivers/built-in.o
                0x8681e928                fuse_bank_physical
 .text.fuse_read
                0x8681e9a0       0x74 drivers/built-in.o
                0x8681e9a0                fuse_read
 .text.fuse_sense
                0x8681ea14       0xac drivers/built-in.o
                0x8681ea14                fuse_sense
 .text.fuse_prog
                0x8681eac0       0xa8 drivers/built-in.o
                0x8681eac0                fuse_prog
 .text.fuse_override
                0x8681eb68       0x6c drivers/built-in.o
                0x8681eb68                fuse_override
 .text.video_drawchars
                0x8681ebd4      0x44c drivers/built-in.o
 .text.draw_bitmap
                0x8681f020       0xdc drivers/built-in.o
 .text.console_newline.constprop.1
                0x8681f0fc       0xe0 drivers/built-in.o
 .text.video_putc
                0x8681f1dc      0x194 drivers/built-in.o
 .text.video_puts
                0x8681f370       0x7c drivers/built-in.o
 .text.board_cfb_skip
                0x8681f3ec        0x8 drivers/built-in.o
                0x8681f3ec                board_cfb_skip
 .text.video_set_lut
                0x8681f3f4        0x4 drivers/built-in.o
                0x8681f3f4                video_set_lut
 .text.display_rle8_bitmap
                0x8681f3f8      0x348 drivers/built-in.o
 .text.plot_logo_or_black
                0x8681f740      0x1ec drivers/built-in.o
 .text.do_clrlogo
                0x8681f92c       0x58 drivers/built-in.o
 .text.video_display_bitmap
                0x8681f984      0x98c drivers/built-in.o
                0x8681f984                video_display_bitmap
 .text.video_clear
                0x86820310       0x54 drivers/built-in.o
                0x86820310                video_clear
 .text.drv_video_init
                0x86820364      0x450 drivers/built-in.o
                0x86820364                drv_video_init
 .text.mxsfb_system_setup
                0x868207b4        0x4 drivers/built-in.o
                0x868207b4                mxsfb_system_setup
 .text.mxs_lcd_panel_setup
                0x868207b8       0x78 drivers/built-in.o
                0x868207b8                mxs_lcd_panel_setup
 .text.lcdif_power_down
                0x86820830       0x5c drivers/built-in.o
                0x86820830                lcdif_power_down
 .text.video_hw_init
                0x8682088c      0x320 drivers/built-in.o
                0x8682088c                video_hw_init
 .text.video_get_param_len.constprop.1
                0x86820bac       0x20 drivers/built-in.o
 .text.video_get_params
                0x86820bcc      0x4e0 drivers/built-in.o
                0x86820bcc                video_get_params
 .text.reset_cpu
                0x868210ac       0x28 drivers/built-in.o
                0x868210ac                reset_cpu
 .text.thermal_get_temp
                0x868210d4       0x20 drivers/built-in.o
                0x868210d4                thermal_get_temp
 .text.read_cpu_temperature
                0x868210f4      0x144 drivers/built-in.o
 .text.imx_thermal_get_temp
                0x86821238       0x48 drivers/built-in.o
                0x86821238                imx_thermal_get_temp
 .text.imx_thermal_probe
                0x86821280       0x7c drivers/built-in.o
 .text.mxs_dma_validate_chan
                0x868212fc       0x34 drivers/dma/built-in.o
                0x868212fc                mxs_dma_validate_chan
 .text.mxs_dma_ack_irq
                0x86821330       0x30 drivers/dma/built-in.o
 .text.mxs_dma_reset
                0x86821360       0x30 drivers/dma/built-in.o
 .text.mxs_dma_flush_desc
                0x86821390        0x8 drivers/dma/built-in.o
                0x86821390                mxs_dma_flush_desc
 .text.mxs_dma_release
                0x86821398       0x48 drivers/dma/built-in.o
                0x86821398                mxs_dma_release
 .text.mxs_dma_desc_alloc
                0x868213e0       0x30 drivers/dma/built-in.o
                0x868213e0                mxs_dma_desc_alloc
 .text.mxs_dma_desc_free
                0x86821410        0xc drivers/dma/built-in.o
                0x86821410                mxs_dma_desc_free
 .text.mxs_dma_desc_append
                0x8682141c       0xc8 drivers/dma/built-in.o
                0x8682141c                mxs_dma_desc_append
 .text.mxs_dma_go
                0x868214e4      0x2f4 drivers/dma/built-in.o
                0x868214e4                mxs_dma_go
 .text.mxs_dma_init
                0x868217d8       0x28 drivers/dma/built-in.o
                0x868217d8                mxs_dma_init
 .text.mxs_dma_init_channel
                0x86821800       0x80 drivers/dma/built-in.o
                0x86821800                mxs_dma_init_channel
 .text.gpio_set_value
                0x86821880       0x44 drivers/gpio/built-in.o
                0x86821880                gpio_set_value
 .text.gpio_get_value
                0x868218c4       0x34 drivers/gpio/built-in.o
                0x868218c4                gpio_get_value
 .text.gpio_request
                0x868218f8       0x10 drivers/gpio/built-in.o
                0x868218f8                gpio_request
 .text.gpio_direction_input
                0x86821908       0x3c drivers/gpio/built-in.o
                0x86821908                gpio_direction_input
 .text.gpio_direction_output
                0x86821944       0x50 drivers/gpio/built-in.o
                0x86821944                gpio_direction_output
 .text.i2c_get_adapter
                0x86821994       0x64 drivers/i2c/built-in.o
                0x86821994                i2c_get_adapter
 .text.i2c_init_bus
                0x868219f8       0x90 drivers/i2c/built-in.o
 .text.i2c_get_bus_num
                0x86821a88        0x8 drivers/i2c/built-in.o
                0x86821a88                i2c_get_bus_num
 .text.i2c_set_bus_num
                0x86821a90       0xb8 drivers/i2c/built-in.o
                0x86821a90                i2c_set_bus_num
 .text.i2c_init_all
                0x86821b48       0x14 drivers/i2c/built-in.o
                0x86821b48                i2c_init_all
 .text.i2c_probe
                0x86821b5c       0x2c drivers/i2c/built-in.o
                0x86821b5c                i2c_probe
 .text.i2c_read
                0x86821b88       0x4c drivers/i2c/built-in.o
                0x86821b88                i2c_read
 .text.i2c_write
                0x86821bd4       0x4c drivers/i2c/built-in.o
                0x86821bd4                i2c_write
 .text.i2c_set_bus_speed
                0x86821c20       0x64 drivers/i2c/built-in.o
                0x86821c20                i2c_set_bus_speed
 .text.i2c_get_bus_speed
                0x86821c84       0x14 drivers/i2c/built-in.o
                0x86821c84                i2c_get_bus_speed
 .text.i2c_init
                0x86821c98       0x14 drivers/i2c/built-in.o
                0x86821c98                i2c_init
 .text.wait_for_sr_state
                0x86821cac       0xb0 drivers/i2c/built-in.o
 .text.tx_byte  0x86821d5c       0x2c drivers/i2c/built-in.o
 .text.i2c_imx_get_clk
                0x86821d88       0x64 drivers/i2c/built-in.o
 .text.i2c_imx_stop
                0x86821dec       0x3c drivers/i2c/built-in.o
 .text.mxc_i2c_set_bus_speed
                0x86821e28       0x40 drivers/i2c/built-in.o
 .text.__i2c_force_reset_slave
                0x86821e68        0x4 drivers/i2c/built-in.o
                0x86821e68                __i2c_force_reset_slave
                0x86821e68                i2c_force_reset_slave
 .text.i2c_init_transfer
                0x86821e6c      0x1dc drivers/i2c/built-in.o
 .text.bus_i2c_read
                0x86822048      0x100 drivers/i2c/built-in.o
                0x86822048                bus_i2c_read
 .text.mxc_i2c_read
                0x86822148       0x14 drivers/i2c/built-in.o
 .text.bus_i2c_write
                0x8682215c       0x50 drivers/i2c/built-in.o
                0x8682215c                bus_i2c_write
 .text.mxc_i2c_write
                0x868221ac       0x14 drivers/i2c/built-in.o
 .text.mxc_i2c_probe
                0x868221c0       0x30 drivers/i2c/built-in.o
 .text.bus_i2c_init
                0x868221f0       0x74 drivers/i2c/built-in.o
                0x868221f0                bus_i2c_init
 .text.mxc_i2c_init
                0x86822264       0x28 drivers/i2c/built-in.o
 .text.esdhc_getcd
                0x8682228c       0x40 drivers/mmc/built-in.o
 .text.esdhc_set_ios
                0x868222cc      0x124 drivers/mmc/built-in.o
 .text.esdhc_init
                0x868223f0       0xa8 drivers/mmc/built-in.o
 .text.check_and_invalidate_dcache_range.isra.1
                0x86822498       0x30 drivers/mmc/built-in.o
 .text.esdhc_send_cmd
                0x868224c8      0x3ec drivers/mmc/built-in.o
 .text.fsl_esdhc_initialize
                0x868228b4      0x168 drivers/mmc/built-in.o
                0x868228b4                fsl_esdhc_initialize
 .text.fsl_esdhc_mmc_init
                0x86822a1c       0x38 drivers/mmc/built-in.o
                0x86822a1c                fsl_esdhc_mmc_init
 .text.mmc_set_ios
                0x86822a54       0x18 drivers/mmc/built-in.o
 .text.mmc_set_capacity
                0x86822a6c       0xa8 drivers/mmc/built-in.o
 .text.board_mmc_getwp
                0x86822b14        0x8 drivers/mmc/built-in.o
                0x86822b14                board_mmc_getwp
 .text.mmc_getwp
                0x86822b1c       0x3c drivers/mmc/built-in.o
                0x86822b1c                mmc_getwp
 .text.mmc_send_cmd
                0x86822b58       0x10 drivers/mmc/built-in.o
                0x86822b58                mmc_send_cmd
 .text.mmc_send_ext_csd
                0x86822b68       0x4c drivers/mmc/built-in.o
 .text.mmc_go_idle
                0x86822bb4       0x4c drivers/mmc/built-in.o
 .text.mmc_send_op_cond_iter
                0x86822c00       0x80 drivers/mmc/built-in.o
 .text.mmc_send_status
                0x86822c80       0xd0 drivers/mmc/built-in.o
                0x86822c80                mmc_send_status
 .text.mmc_switch.isra.1
                0x86822d50       0x54 drivers/mmc/built-in.o
 .text.mmc_set_blocklen
                0x86822da4       0x40 drivers/mmc/built-in.o
                0x86822da4                mmc_set_blocklen
 .text.find_mmc_device
                0x86822de4       0x4c drivers/mmc/built-in.o
                0x86822de4                find_mmc_device
 .text.mmc_bread
                0x86822e30      0x148 drivers/mmc/built-in.o
 .text.mmc_switch_part
                0x86822f78       0x58 drivers/mmc/built-in.o
                0x86822f78                mmc_switch_part
 .text.mmc_select_hwpart
                0x86822fd0       0x6c drivers/mmc/built-in.o
                0x86822fd0                mmc_select_hwpart
 .text.mmc_hwpart_config
                0x8682303c      0x41c drivers/mmc/built-in.o
                0x8682303c                mmc_hwpart_config
 .text.mmc_getcd
                0x86823458       0x3c drivers/mmc/built-in.o
                0x86823458                mmc_getcd
 .text.mmc_set_clock
                0x86823494       0x24 drivers/mmc/built-in.o
                0x86823494                mmc_set_clock
 .text.mmc_startup
                0x868234b8      0xd28 drivers/mmc/built-in.o
 .text.mmc_create
                0x868241e0       0xfc drivers/mmc/built-in.o
                0x868241e0                mmc_create
 .text.board_mmc_power_init
                0x868242dc        0x4 drivers/mmc/built-in.o
                0x868242dc                board_mmc_power_init
 .text.mmc_start_init
                0x868242e0      0x288 drivers/mmc/built-in.o
                0x868242e0                mmc_start_init
 .text.mmc_init
                0x86824568      0x100 drivers/mmc/built-in.o
                0x86824568                mmc_init
 .text.mmc_get_dev
                0x86824668       0x2c drivers/mmc/built-in.o
                0x86824668                mmc_get_dev
 .text.mmc_set_dsr
                0x86824694        0xc drivers/mmc/built-in.o
                0x86824694                mmc_set_dsr
 .text.print_mmc_devices
                0x868246a0       0xc0 drivers/mmc/built-in.o
                0x868246a0                print_mmc_devices
 .text.get_mmc_num
                0x86824760       0x10 drivers/mmc/built-in.o
                0x86824760                get_mmc_num
 .text.mmc_initialize
                0x86824770       0x74 drivers/mmc/built-in.o
                0x86824770                mmc_initialize
 .text.mmc_berase
                0x868247e4      0x194 drivers/mmc/built-in.o
                0x868247e4                mmc_berase
 .text.mmc_bwrite
                0x86824978      0x168 drivers/mmc/built-in.o
                0x86824978                mmc_bwrite
 .text.idr_get_next
                0x86824ae0       0x44 drivers/mtd/built-in.o
                0x86824ae0                idr_get_next
 .text.__mtd_next_device
                0x86824b24       0x20 drivers/mtd/built-in.o
                0x86824b24                __mtd_next_device
 .text.del_mtd_device
                0x86824b44       0x64 drivers/mtd/built-in.o
                0x86824b44                del_mtd_device
 .text.__get_mtd_device
                0x86824ba8       0x38 drivers/mtd/built-in.o
                0x86824ba8                __get_mtd_device
 .text.get_mtd_device
                0x86824be0       0x8c drivers/mtd/built-in.o
                0x86824be0                get_mtd_device
 .text.get_mtd_device_nm
                0x86824c6c       0x58 drivers/mtd/built-in.o
                0x86824c6c                get_mtd_device_nm
 .text.__put_mtd_device
                0x86824cc4       0x4c drivers/mtd/built-in.o
                0x86824cc4                __put_mtd_device
 .text.put_mtd_device
                0x86824d10        0x4 drivers/mtd/built-in.o
                0x86824d10                put_mtd_device
 .text.mtd_erase
                0x86824d14       0x84 drivers/mtd/built-in.o
                0x86824d14                mtd_erase
 .text.mtd_read
                0x86824d98       0xa8 drivers/mtd/built-in.o
                0x86824d98                mtd_read
 .text.mtd_write
                0x86824e40       0x9c drivers/mtd/built-in.o
                0x86824e40                mtd_write
 .text.mtd_read_oob
                0x86824edc       0x60 drivers/mtd/built-in.o
                0x86824edc                mtd_read_oob
 .text.mtd_unlock
                0x86824f3c       0x74 drivers/mtd/built-in.o
                0x86824f3c                mtd_unlock
 .text.add_mtd_device
                0x86824fb0      0x1e0 drivers/mtd/built-in.o
                0x86824fb0                add_mtd_device
 .text.mtd_block_isbad
                0x86825190       0x4c drivers/mtd/built-in.o
                0x86825190                mtd_block_isbad
 .text.mtd_block_markbad
                0x868251dc       0x60 drivers/mtd/built-in.o
                0x868251dc                mtd_block_markbad
 .text.part_get_unmapped_area
                0x8682523c       0x20 drivers/mtd/built-in.o
 .text.part_read_user_prot_reg
                0x8682525c        0xc drivers/mtd/built-in.o
 .text.part_get_user_prot_info
                0x86825268        0xc drivers/mtd/built-in.o
 .text.part_read_fact_prot_reg
                0x86825274        0xc drivers/mtd/built-in.o
 .text.part_get_fact_prot_info
                0x86825280        0xc drivers/mtd/built-in.o
 .text.part_write
                0x8682528c       0x24 drivers/mtd/built-in.o
 .text.part_panic_write
                0x868252b0       0x24 drivers/mtd/built-in.o
 .text.part_write_oob
                0x868252d4       0x68 drivers/mtd/built-in.o
 .text.part_write_user_prot_reg
                0x8682533c        0xc drivers/mtd/built-in.o
 .text.part_lock_user_prot_reg
                0x86825348        0xc drivers/mtd/built-in.o
 .text.part_lock
                0x86825354       0x24 drivers/mtd/built-in.o
 .text.part_unlock
                0x86825378       0x24 drivers/mtd/built-in.o
 .text.part_is_locked
                0x8682539c       0x24 drivers/mtd/built-in.o
 .text.part_sync
                0x868253c0        0xc drivers/mtd/built-in.o
 .text.part_block_isbad
                0x868253cc       0x20 drivers/mtd/built-in.o
 .text.part_block_markbad
                0x868253ec       0x34 drivers/mtd/built-in.o
 .text.part_read
                0x86825420       0x78 drivers/mtd/built-in.o
 .text.part_read_oob
                0x86825498      0x198 drivers/mtd/built-in.o
 .text.part_erase
                0x86825630       0x74 drivers/mtd/built-in.o
 .text.kstrdup  0x868256a4       0x50 drivers/mtd/built-in.o
                0x868256a4                kstrdup
 .text.mtd_erase_callback
                0x868256f4       0x6c drivers/mtd/built-in.o
                0x868256f4                mtd_erase_callback
 .text.del_mtd_partitions
                0x86825760       0x94 drivers/mtd/built-in.o
                0x86825760                del_mtd_partitions
 .text.add_mtd_partitions
                0x868257f4      0x6cc drivers/mtd/built-in.o
                0x868257f4                add_mtd_partitions
 .text.mtd_is_partition
                0x86825ec0       0x3c drivers/mtd/built-in.o
                0x86825ec0                mtd_is_partition
 .text.mtd_get_device_size
                0x86825efc       0x28 drivers/mtd/built-in.o
                0x86825efc                mtd_get_device_size
 .text.nand_register
                0x86825f24       0x94 drivers/mtd/nand/built-in.o
                0x86825f24                nand_register
 .text.nand_init
                0x86825fb8       0x68 drivers/mtd/nand/built-in.o
                0x86825fb8                nand_init
 .text.verify_bbt_descr
                0x86826020      0x120 drivers/mtd/nand/built-in.o
 .text.create_bbt
                0x86826140      0x224 drivers/mtd/nand/built-in.o
 .text.scan_read
                0x86826364      0x100 drivers/mtd/nand/built-in.o
 .text.read_bbt
                0x86826464      0x1ec drivers/mtd/nand/built-in.o
 .text.read_abs_bbt
                0x86826650       0xc4 drivers/mtd/nand/built-in.o
 .text.write_bbt
                0x86826714      0x5d0 drivers/mtd/nand/built-in.o
 .text.nand_update_bbt
                0x86826ce4      0x124 drivers/mtd/nand/built-in.o
 .text.mark_bbt_region
                0x86826e08      0x17c drivers/mtd/nand/built-in.o
 .text.search_bbt
                0x86826f84      0x1a0 drivers/mtd/nand/built-in.o
 .text.nand_scan_bbt
                0x86827124      0x4ec drivers/mtd/nand/built-in.o
                0x86827124                nand_scan_bbt
 .text.nand_default_bbt
                0x86827610       0xc4 drivers/mtd/nand/built-in.o
                0x86827610                nand_default_bbt
 .text.nand_isbad_bbt
                0x868276d4       0x54 drivers/mtd/nand/built-in.o
                0x868276d4                nand_isbad_bbt
 .text.nand_markbad_bbt
                0x86827728       0x64 drivers/mtd/nand/built-in.o
                0x86827728                nand_markbad_bbt
 .text.check_skip_len
                0x8682778c       0xac drivers/mtd/nand/built-in.o
 .text.nand_erase_opts
                0x86827838      0x374 drivers/mtd/nand/built-in.o
                0x86827838                nand_erase_opts
 .text.nand_verify_page_oob
                0x86827bac       0xbc drivers/mtd/nand/built-in.o
                0x86827bac                nand_verify_page_oob
 .text.nand_verify
                0x86827c68       0xe8 drivers/mtd/nand/built-in.o
                0x86827c68                nand_verify
 .text.nand_write_skip_bad