lpt.c:229:13:pack_bits	12	static
lpt.c:554:12:calc_nnode_num_from_parent	0	static
lpt.c:1091:12:validate_nnode	16	static
lpt.c:865:13:update_cats	16	static
bitops.h:48:19:generic_fls	0	static
lpt.c:54:13:do_calc_lpt_geom	56	static
lpt.c:579:12:calc_pnode_num_from_parent.isra.3	4	static
lpt.c:1135:12:validate_pnode	32	static
lpt.c:133:5:ubifs_calc_lpt_geom	24	static
lpt.c:279:10:ubifs_unpack_bits	16	static
lpt.c:910:12:check_lpt_crc	24	static
lpt.c:959:12:unpack_pnode	40	static
lpt.c:1859:28:scan_get_pnode	40	static
lpt.c:346:6:ubifs_pack_pnode	40	static
lpt.c:379:6:ubifs_pack_nnode	40	static
lpt.c:411:6:ubifs_pack_ltab	40	static
lpt.c:436:6:ubifs_pack_lsave	40	static
lpt.c:458:6:ubifs_add_lpt_dirt	0	static
lpt.c:490:6:ubifs_add_nnode_dirt	8	static
lpt.c:1485:28:dirty_cow_nnode	16	static
lpt.c:604:5:ubifs_create_dflt_lpt	88	static
lpt.c:996:5:ubifs_unpack_nnode	32	static
lpt.c:1800:28:scan_get_nnode	40	static
lpt.c:1190:5:ubifs_read_nnode	48	static
lpt.c:1393:21:ubifs_get_nnode	8	static
lpt.c:1419:21:ubifs_get_pnode	48	static
lpt.c:1445:22:ubifs_lpt_lookup	24	static
lpt.c:1579:22:ubifs_lpt_lookup_dirty	32	static
lpt.c:1735:5:ubifs_lpt_init	48	static
lpt.c:1928:5:ubifs_lpt_scan_nolock	48	static
lpt.c:2229:5:dbg_check_lpt_nodes	0	static
