super.c:564:13:ubifs_dirty_inode	0	static
super.c:2326:12:sb_test	0	static
super.c:2334:12:sb_set	0	static
super.c:1012:13:free_wbufs	16	static
super.c:1030:13:free_orphans	16	static
super.c:2508:13:kill_ubifs_super	0	static
super.c:438:22:ubifs_alloc_inode	8	static
super.c:818:12:bud_wbuf_callback	16	static
super.c:51:5:set_anon_super	0	static
super.c:56:15:iget_locked	16	static
super.c:71:6:iget_failed	0	static
super.c:75:5:ubifs_iput	8	static
super.c:86:6:iput	16	static
super.c:125:6:clear_nlink	0	static
super.c:142:6:set_nlink	0	static
super.c:167:6:unlock_new_inode	0	static
super.c:235:15:ubifs_iget	40	static
super.c:1714:6:ubifs_umount	16	static
super.c:2367:21:sget	24	static
super.c:2435:23:ubifs_mount	64	static
super.c:2537:5:ubifs_init	8	static
super.c:2668:5:uboot_ubifs_mount	8	static
